Component: ARM Compiler 5.06 update 5 (build 528) Tool: armlink [4d35e2]

==============================================================================

Section Cross References

    startup_stm32h743xx.o(STACK) refers (Special) to heapauxi.o(.text) for __use_two_region_memory
    startup_stm32h743xx.o(HEAP) refers (Special) to heapauxi.o(.text) for __use_two_region_memory
    startup_stm32h743xx.o(RESET) refers (Special) to heapauxi.o(.text) for __use_two_region_memory
    startup_stm32h743xx.o(RESET) refers to startup_stm32h743xx.o(STACK) for __initial_sp
    startup_stm32h743xx.o(RESET) refers to startup_stm32h743xx.o(.text) for Reset_Handler
    startup_stm32h743xx.o(RESET) refers to stm32h7xx_it.o(i.NMI_Handler) for NMI_Handler
    startup_stm32h743xx.o(RESET) refers to stm32h7xx_it.o(i.HardFault_Handler) for HardFault_Handler
    startup_stm32h743xx.o(RESET) refers to stm32h7xx_it.o(i.MemManage_Handler) for MemManage_Handler
    startup_stm32h743xx.o(RESET) refers to stm32h7xx_it.o(i.BusFault_Handler) for BusFault_Handler
    startup_stm32h743xx.o(RESET) refers to stm32h7xx_it.o(i.UsageFault_Handler) for UsageFault_Handler
    startup_stm32h743xx.o(RESET) refers to stm32h7xx_it.o(i.SVC_Handler) for SVC_Handler
    startup_stm32h743xx.o(RESET) refers to stm32h7xx_it.o(i.DebugMon_Handler) for DebugMon_Handler
    startup_stm32h743xx.o(RESET) refers to stm32h7xx_it.o(i.PendSV_Handler) for PendSV_Handler
    startup_stm32h743xx.o(RESET) refers to stm32h7xx_it.o(i.SysTick_Handler) for SysTick_Handler
    startup_stm32h743xx.o(RESET) refers to stm32h7xx_it.o(i.ADC_IRQHandler) for ADC_IRQHandler
    startup_stm32h743xx.o(RESET) refers to stm32h7xx_it.o(i.TIM8_UP_TIM13_IRQHandler) for TIM8_UP_TIM13_IRQHandler
    startup_stm32h743xx.o(RESET) refers to stm32h7xx_it.o(i.TIM6_DAC_IRQHandler) for TIM6_DAC_IRQHandler
    startup_stm32h743xx.o(RESET) refers to stm32h7xx_it.o(i.OTG_FS_IRQHandler) for OTG_FS_IRQHandler
    startup_stm32h743xx.o(.text) refers (Special) to heapauxi.o(.text) for __use_two_region_memory
    startup_stm32h743xx.o(.text) refers to system_stm32h7xx.o(i.ExitRun0Mode) for ExitRun0Mode
    startup_stm32h743xx.o(.text) refers to system_stm32h7xx.o(i.SystemInit) for SystemInit
    startup_stm32h743xx.o(.text) refers to __main.o(!!!main) for __main
    startup_stm32h743xx.o(.text) refers to startup_stm32h743xx.o(HEAP) for Heap_Mem
    startup_stm32h743xx.o(.text) refers to startup_stm32h743xx.o(STACK) for Stack_Mem
    main.o(i.SystemClock_Config) refers to rt_memclr_w.o(.text) for __aeabi_memclr4
    main.o(i.SystemClock_Config) refers to stm32h7xx_hal_pwr_ex.o(i.HAL_PWREx_ConfigSupply) for HAL_PWREx_ConfigSupply
    main.o(i.SystemClock_Config) refers to stm32h7xx_hal_rcc.o(i.HAL_RCC_OscConfig) for HAL_RCC_OscConfig
    main.o(i.SystemClock_Config) refers to stm32h7xx_hal_rcc.o(i.HAL_RCC_ClockConfig) for HAL_RCC_ClockConfig
    main.o(i.main) refers to stm32h7xx_hal_cortex.o(i.HAL_MPU_Disable) for HAL_MPU_Disable
    main.o(i.main) refers to stm32h7xx_hal_cortex.o(i.HAL_MPU_ConfigRegion) for HAL_MPU_ConfigRegion
    main.o(i.main) refers to stm32h7xx_hal_cortex.o(i.HAL_MPU_Enable) for HAL_MPU_Enable
    main.o(i.main) refers to stm32h7xx_hal.o(i.HAL_Init) for HAL_Init
    main.o(i.main) refers to main.o(i.SystemClock_Config) for SystemClock_Config
    main.o(i.main) refers to gpio.o(i.MX_GPIO_Init) for MX_GPIO_Init
    main.o(i.main) refers to adc.o(i.MX_ADC1_Init) for MX_ADC1_Init
    main.o(i.main) refers to spi.o(i.MX_SPI2_Init) for MX_SPI2_Init
    main.o(i.main) refers to spi.o(i.MX_SPI3_Init) for MX_SPI3_Init
    main.o(i.main) refers to spi.o(i.MX_SPI4_Init) for MX_SPI4_Init
    main.o(i.main) refers to tim.o(i.MX_TIM6_Init) for MX_TIM6_Init
    main.o(i.main) refers to tim.o(i.MX_TIM8_Init) for MX_TIM8_Init
    main.o(i.main) refers to usart.o(i.MX_USART1_UART_Init) for MX_USART1_UART_Init
    main.o(i.main) refers to usb_device.o(i.MX_USB_DEVICE_Init) for MX_USB_DEVICE_Init
    gpio.o(i.MX_GPIO_Init) refers to rt_memclr_w.o(.text) for __aeabi_memclr4
    gpio.o(i.MX_GPIO_Init) refers to stm32h7xx_hal_gpio.o(i.HAL_GPIO_WritePin) for HAL_GPIO_WritePin
    gpio.o(i.MX_GPIO_Init) refers to stm32h7xx_hal_gpio.o(i.HAL_GPIO_Init) for HAL_GPIO_Init
    adc.o(i.HAL_ADC_MspDeInit) refers to stm32h7xx_hal_gpio.o(i.HAL_GPIO_DeInit) for HAL_GPIO_DeInit
    adc.o(i.HAL_ADC_MspDeInit) refers to stm32h7xx_hal_cortex.o(i.HAL_NVIC_DisableIRQ) for HAL_NVIC_DisableIRQ
    adc.o(i.HAL_ADC_MspInit) refers to rt_memclr_w.o(.text) for __aeabi_memclr4
    adc.o(i.HAL_ADC_MspInit) refers to stm32h7xx_hal_rcc_ex.o(i.HAL_RCCEx_PeriphCLKConfig) for HAL_RCCEx_PeriphCLKConfig
    adc.o(i.HAL_ADC_MspInit) refers to main.o(i.Error_Handler) for Error_Handler
    adc.o(i.HAL_ADC_MspInit) refers to stm32h7xx_hal_gpio.o(i.HAL_GPIO_Init) for HAL_GPIO_Init
    adc.o(i.HAL_ADC_MspInit) refers to stm32h7xx_hal_cortex.o(i.HAL_NVIC_SetPriority) for HAL_NVIC_SetPriority
[...]
    __rt_lib_init_stdio_1                    0x08000313   Thumb Code     0  libinit2.o(.ARM.Collect$$libinit$$00000025)
    __rt_lib_init_user_alloc_1               0x08000313   Thumb Code     0  libinit2.o(.ARM.Collect$$libinit$$0000000C)
    __rt_lib_shutdown                        0x08000315   Thumb Code     0  libshutdown.o(.ARM.Collect$$libshutdown$$00000000)
    __rt_lib_shutdown_cpp_1                  0x08000317   Thumb Code     0  libshutdown2.o(.ARM.Collect$$libshutdown$$00000002)
    __rt_lib_shutdown_fp_trap_1              0x08000317   Thumb Code     0  libshutdown2.o(.ARM.Collect$$libshutdown$$00000007)
    __rt_lib_shutdown_heap_1                 0x08000317   Thumb Code     0  libshutdown2.o(.ARM.Collect$$libshutdown$$0000000F)
    __rt_lib_shutdown_return                 0x08000317   Thumb Code     0  libshutdown2.o(.ARM.Collect$$libshutdown$$00000010)
    __rt_lib_shutdown_signal_1               0x08000317   Thumb Code     0  libshutdown2.o(.ARM.Collect$$libshutdown$$0000000A)
    __rt_lib_shutdown_stdio_1                0x08000317   Thumb Code     0  libshutdown2.o(.ARM.Collect$$libshutdown$$00000004)
    __rt_lib_shutdown_user_alloc_1           0x08000317   Thumb Code     0  libshutdown2.o(.ARM.Collect$$libshutdown$$0000000C)
    __rt_entry                               0x08000319   Thumb Code     0  __rtentry.o(.ARM.Collect$$rtentry$$00000000)
    __rt_entry_presh_1                       0x08000319   Thumb Code     0  __rtentry2.o(.ARM.Collect$$rtentry$$00000002)
    __rt_entry_sh                            0x08000319   Thumb Code     0  __rtentry4.o(.ARM.Collect$$rtentry$$00000004)
    __rt_entry_li                            0x0800031f   Thumb Code     0  __rtentry2.o(.ARM.Collect$$rtentry$$0000000A)
    __rt_entry_postsh_1                      0x0800031f   Thumb Code     0  __rtentry2.o(.ARM.Collect$$rtentry$$00000009)
    __rt_entry_main                          0x08000323   Thumb Code     0  __rtentry2.o(.ARM.Collect$$rtentry$$0000000D)
    __rt_entry_postli_1                      0x08000323   Thumb Code     0  __rtentry2.o(.ARM.Collect$$rtentry$$0000000C)
    __rt_exit                                0x0800032b   Thumb Code     0  rtexit.o(.ARM.Collect$$rtexit$$00000000)
    __rt_exit_ls                             0x0800032d   Thumb Code     0  rtexit2.o(.ARM.Collect$$rtexit$$00000003)
    __rt_exit_prels_1                        0x0800032d   Thumb Code     0  rtexit2.o(.ARM.Collect$$rtexit$$00000002)
    __rt_exit_exit                           0x08000331   Thumb Code     0  rtexit2.o(.ARM.Collect$$rtexit$$00000004)
    Reset_Handler                            0x08000339   Thumb Code    12  startup_stm32h743xx.o(.text)
    ADC3_IRQHandler                          0x08000357   Thumb Code     0  startup_stm32h743xx.o(.text)
    BDMA_Channel0_IRQHandler                 0x08000357   Thumb Code     0  startup_stm32h743xx.o(.text)
    BDMA_Channel1_IRQHandler                 0x08000357   Thumb Code     0  startup_stm32h743xx.o(.text)
    BDMA_Channel2_IRQHandler                 0x08000357   Thumb Code     0  startup_stm32h743xx.o(.text)
    BDMA_Channel3_IRQHandler                 0x08000357   Thumb Code     0  startup_stm32h743xx.o(.text)
    BDMA_Channel4_IRQHandler                 0x08000357   Thumb Code     0  startup_stm32h743xx.o(.text)
    BDMA_Channel5_IRQHandler                 0x08000357   Thumb Code     0  startup_stm32h743xx.o(.text)
    BDMA_Channel6_IRQHandler                 0x08000357   Thumb Code     0  startup_stm32h743xx.o(.text)
    BDMA_Channel7_IRQHandler                 0x08000357   Thumb Code     0  startup_stm32h743xx.o(.text)
    CEC_IRQHandler                           0x08000357   Thumb Code     0  startup_stm32h743xx.o(.text)
    COMP1_IRQHandler                         0x08000357   Thumb Code     0  startup_stm32h743xx.o(.text)
    CRS_IRQHandler                           0x08000357   Thumb Code     0  startup_stm32h743xx.o(.text)
    DCMI_IRQHandler                          0x08000357   Thumb Code     0  startup_stm32h743xx.o(.text)
    DFSDM1_FLT0_IRQHandler                   0x08000357   Thumb Code     0  startup_stm32h743xx.o(.text)
    DFSDM1_FLT1_IRQHandler                   0x08000357   Thumb Code     0  startup_stm32h743xx.o(.text)
    DFSDM1_FLT2_IRQHandler                   0x08000357   Thumb Code     0  startup_stm32h743xx.o(.text)
    DFSDM1_FLT3_IRQHandler                   0x08000357   Thumb Code     0  startup_stm32h743xx.o(.text)
    DMA1_Stream0_IRQHandler                  0x08000357   Thumb Code     0  startup_stm32h743xx.o(.text)
    DMA1_Stream1_IRQHandler                  0x08000357   Thumb Code     0  startup_stm32h743xx.o(.text)
    DMA1_Stream2_IRQHandler                  0x08000357   Thumb Code     0  startup_stm32h743xx.o(.text)
    DMA1_Stream3_IRQHandler                  0x08000357   Thumb Code     0  startup_stm32h743xx.o(.text)
    DMA1_Stream4_IRQHandler                  0x08000357   Thumb Code     0  startup_stm32h743xx.o(.text)
    DMA1_Stream5_IRQHandler                  0x08000357   Thumb Code     0  startup_stm32h743xx.o(.text)
    DMA1_Stream6_IRQHandler                  0x08000357   Thumb Code     0  startup_stm32h743xx.o(.text)
    DMA1_Stream7_IRQHandler                  0x08000357   Thumb Code     0  startup_stm32h743xx.o(.text)
    DMA2D_IRQHandler                         0x08000357   Thumb Code     0  startup_stm32h743xx.o(.text)
    DMA2_Stream0_IRQHandler                  0x08000357   Thumb Code     0  startup_stm32h743xx.o(.text)
    DMA2_Stream1_IRQHandler                  0x08000357   Thumb Code     0  startup_stm32h743xx.o(.text)
    DMA2_Stream2_IRQHandler                  0x08000357   Thumb Code     0  startup_stm32h743xx.o(.text)
    DMA2_Stream3_IRQHandler                  0x08000357   Thumb Code     0  startup_stm32h743xx.o(.text)
    DMA2_Stream4_IRQHandler                  0x08000357   Thumb Code     0  startup_stm32h743xx.o(.text)
    DMA2_Stream5_IRQHandler                  0x08000357   Thumb Code     0  startup_stm32h743xx.o(.text)
    DMA2_Stream6_IRQHandler                  0x08000357   Thumb Code     0  startup_stm32h743xx.o(.text)
    DMA2_Stream7_IRQHandler                  0x08000357   Thumb Code     0  startup_stm32h743xx.o(.text)
    DMAMUX1_OVR_IRQHandler                   0x08000357   Thumb Code     0  startup_stm32h743xx.o(.text)
    DMAMUX2_OVR_IRQHandler                   0x08000357   Thumb Code     0  startup_stm32h743xx.o(.text)
    ECC_IRQHandler                           0x08000357   Thumb Code     0  startup_stm32h743xx.o(.text)
    ETH_IRQHandler                           0x08000357   Thumb Code     0  startup_stm32h743xx.o(.text)
    ETH_WKUP_IRQHandler                      0x08000357   Thumb Code     0  startup_stm32h743xx.o(.text)
    EXTI0_IRQHandler                         0x08000357   Thumb Code     0  startup_stm32h743xx.o(.text)
    EXTI15_10_IRQHandler                     0x08000357   Thumb Code     0  startup_stm32h743xx.o(.text)
    EXTI1_IRQHandler                         0x08000357   Thumb Code     0  startup_stm32h743xx.o(.text)
    EXTI2_IRQHandler                         0x08000357   Thumb Code     0  startup_stm32h743xx.o(.text)
    EXTI3_IRQHandler                         0x08000357   Thumb Code     0  startup_stm32h743xx.o(.text)
    EXTI4_IRQHandler                         0x08000357   Thumb Code     0  startup_stm32h743xx.o(.text)
    EXTI9_5_IRQHandler                       0x08000357   Thumb Code     0  startup_stm32h743xx.o(.text)
    FDCAN1_IT0_IRQHandler                    0x08000357   Thumb Code     0  startup_stm32h743xx.o(.text)
    FDCAN1_IT1_IRQHandler                    0x08000357   Thumb Code     0  startup_stm32h743xx.o(.text)
    FDCAN2_IT0_IRQHandler                    0x08000357   Thumb Code     0  startup_stm32h743xx.o(.text)
    FDCAN2_IT1_IRQHandler                    0x08000357   Thumb Code     0  startup_stm32h743xx.o(.text)
    FDCAN_CAL_IRQHandler                     0x08000357   Thumb Code     0  startup_stm32h743xx.o(.text)
    FLASH_IRQHandler                         0x08000357   Thumb Code     0  startup_stm32h743xx.o(.text)
    FMC_IRQHandler                           0x08000357   Thumb Code     0  startup_stm32h743xx.o(.text)
    FPU_IRQHandler                           0x08000357   Thumb Code     0  startup_stm32h743xx.o(.text)
    HRTIM1_FLT_IRQHandler                    0x08000357   Thumb Code     0  startup_stm32h743xx.o(.text)
    HRTIM1_Master_IRQHandler                 0x08000357   Thumb Code     0  startup_stm32h743xx.o(.text)
    HRTIM1_TIMA_IRQHandler                   0x08000357   Thumb Code     0  startup_stm32h743xx.o(.text)
    HRTIM1_TIMB_IRQHandler                   0x08000357   Thumb Code     0  startup_stm32h743xx.o(.text)
    HRTIM1_TIMC_IRQHandler                   0x08000357   Thumb Code     0  startup_stm32h743xx.o(.text)
    HRTIM1_TIMD_IRQHandler                   0x08000357   Thumb Code     0  startup_stm32h743xx.o(.text)
    HRTIM1_TIME_IRQHandler                   0x08000357   Thumb Code     0  startup_stm32h743xx.o(.text)
    HSEM1_IRQHandler                         0x08000357   Thumb Code     0  startup_stm32h743xx.o(.text)
    I2C1_ER_IRQHandler                       0x08000357   Thumb Code     0  startup_stm32h743xx.o(.text)
    I2C1_EV_IRQHandler                       0x08000357   Thumb Code     0  startup_stm32h743xx.o(.text)
    I2C2_ER_IRQHandler                       0x08000357   Thumb Code     0  startup_stm32h743xx.o(.text)
    I2C2_EV_IRQHandler                       0x08000357   Thumb Code     0  startup_stm32h743xx.o(.text)
    I2C3_ER_IRQHandler                       0x08000357   Thumb Code     0  startup_stm32h743xx.o(.text)
    I2C3_EV_IRQHandler                       0x08000357   Thumb Code     0  startup_stm32h743xx.o(.text)
    I2C4_ER_IRQHandler                       0x08000357   Thumb Code     0  startup_stm32h743xx.o(.text)
    I2C4_EV_IRQHandler                       0x08000357   Thumb Code     0  startup_stm32h743xx.o(.text)
    JPEG_IRQHandler                          0x08000357   Thumb Code     0  startup_stm32h743xx.o(.text)
    LPTIM1_IRQHandler                        0x08000357   Thumb Code     0  startup_stm32h743xx.o(.text)
    LPTIM2_IRQHandler                        0x08000357   Thumb Code     0  startup_stm32h743xx.o(.text)
    LPTIM3_IRQHandler                        0x08000357   Thumb Code     0  startup_stm32h743xx.o(.text)
    LPTIM4_IRQHandler                        0x08000357   Thumb Code     0  startup_stm32h743xx.o(.text)
    LPTIM5_IRQHandler                        0x08000357   Thumb Code     0  startup_stm32h743xx.o(.text)
    LPUART1_IRQHandler                       0x08000357   Thumb Code     0  startup_stm32h743xx.o(.text)
    LTDC_ER_IRQHandler                       0x08000357   Thumb Code     0  startup_stm32h743xx.o(.text)
    LTDC_IRQHandler                          0x08000357   Thumb Code     0  startup_stm32h743xx.o(.text)
    MDIOS_IRQHandler                         0x08000357   Thumb Code     0  startup_stm32h743xx.o(.text)
    MDIOS_WKUP_IRQHandler                    0x08000357   Thumb Code     0  startup_stm32h743xx.o(.text)
    MDMA_IRQHandler                          0x08000357   Thumb Code     0  startup_stm32h743xx.o(.text)
    OTG_FS_EP1_IN_IRQHandler                 0x08000357   Thumb Code     0  startup_stm32h743xx.o(.text)
    OTG_FS_EP1_OUT_IRQHandler                0x08000357   Thumb Code     0  startup_stm32h743xx.o(.text)
    OTG_FS_WKUP_IRQHandler                   0x08000357   Thumb Code     0  startup_stm32h743xx.o(.text)
    OTG_HS_EP1_IN_IRQHandler                 0x08000357   Thumb Code     0  startup_stm32h743xx.o(.text)
    OTG_HS_EP1_OUT_IRQHandler                0x08000357   Thumb Code     0  startup_stm32h743xx.o(.text)
    OTG_HS_IRQHandler                        0x08000357   Thumb Code     0  startup_stm32h743xx.o(.text)
    OTG_HS_WKUP_IRQHandler                   0x08000357   Thumb Code     0  startup_stm32h743xx.o(.text)
    PVD_AVD_IRQHandler                       0x08000357   Thumb Code     0  startup_stm32h743xx.o(.text)
    QUADSPI_IRQHandler                       0x08000357   Thumb Code     0  startup_stm32h743xx.o(.text)
    RCC_IRQHandler                           0x08000357   Thumb Code     0  startup_stm32h743xx.o(.text)
    RNG_IRQHandler                           0x08000357   Thumb Code     0  startup_stm32h743xx.o(.text)
    RTC_Alarm_IRQHandler                     0x08000357   Thumb Code     0  startup_stm32h743xx.o(.text)
    RTC_WKUP_IRQHandler                      0x08000357   Thumb Code     0  startup_stm32h743xx.o(.text)
    SAI1_IRQHandler                          0x08000357   Thumb Code     0  startup_stm32h743xx.o(.text)
    SAI2_IRQHandler                          0x08000357   Thumb Code     0  startup_stm32h743xx.o(.text)
    SAI3_IRQHandler                          0x08000357   Thumb Code     0  startup_stm32h743xx.o(.text)
    SAI4_IRQHandler                          0x08000357   Thumb Code     0  startup_stm32h743xx.o(.text)
    SDMMC1_IRQHandler                        0x08000357   Thumb Code     0  startup_stm32h743xx.o(.text)
    SDMMC2_IRQHandler                        0x08000357   Thumb Code     0  startup_stm32h743xx.o(.text)
    SPDIF_RX_IRQHandler                      0x08000357   Thumb Code     0  startup_stm32h743xx.o(.text)
    SPI1_IRQHandler                          0x08000357   Thumb Code     0  startup_stm32h743xx.o(.text)
    SPI2_IRQHandler                          0x08000357   Thumb Code     0  startup_stm32h743xx.o(.text)
    SPI3_IRQHandler                          0x08000357   Thumb Code     0  startup_stm32h743xx.o(.text)
    SPI4_IRQHandler                          0x08000357   Thumb Code     0  startup_stm32h743xx.o(.text)
    SPI5_IRQHandler                          0x08000357   Thumb Code     0  startup_stm32h743xx.o(.text)
    SPI6_IRQHandler                          0x08000357   Thumb Code     0  startup_stm32h743xx.o(.text)
    SWPMI1_IRQHandler                        0x08000357   Thumb Code     0  startup_stm32h743xx.o(.text)
    TAMP_STAMP_IRQHandler                    0x08000357   Thumb Code     0  startup_stm32h743xx.o(.text)
    TIM15_IRQHandler                         0x08000357   Thumb Code     0  startup_stm32h743xx.o(.text)
    TIM16_IRQHandler                         0x08000357   Thumb Code     0  startup_stm32h743xx.o(.text)
    TIM17_IRQHandler                         0x08000357   Thumb Code     0  startup_stm32h743xx.o(.text)
    TIM1_BRK_IRQHandler                      0x08000357   Thumb Code     0  startup_stm32h743xx.o(.text)
    TIM1_CC_IRQHandler                       0x08000357   Thumb Code     0  startup_stm32h743xx.o(.text)
    TIM1_TRG_COM_IRQHandler                  0x08000357   Thumb Code     0  startup_stm32h743xx.o(.text)
    TIM1_UP_IRQHandler                       0x08000357   Thumb Code     0  startup_stm32h743xx.o(.text)
    TIM2_IRQHandler                          0x08000357   Thumb Code     0  startup_stm32h743xx.o(.text)
    TIM3_IRQHandler                          0x08000357   Thumb Code     0  startup_stm32h743xx.o(.text)
    TIM4_IRQHandler                          0x08000357   Thumb Code     0  startup_stm32h743xx.o(.text)
    TIM5_IRQHandler                          0x08000357   Thumb Code     0  startup_stm32h743xx.o(.text)
    TIM7_IRQHandler                          0x08000357   Thumb Code     0  startup_stm32h743xx.o(.text)
    TIM8_BRK_TIM12_IRQHandler                0x08000357   Thumb Code     0  startup_stm32h743xx.o(.text)
    TIM8_CC_IRQHandler                       0x08000357   Thumb Code     0  startup_stm32h743xx.o(.text)
    TIM8_TRG_COM_TIM14_IRQHandler            0x08000357   Thumb Code     0  startup_stm32h743xx.o(.text)
    UART4_IRQHandler                         0x08000357   Thumb Code     0  startup_stm32h743xx.o(.text)
    UART5_IRQHandler                         0x08000357   Thumb Code     0  startup_stm32h743xx.o(.text)
    UART7_IRQHandler                         0x08000357   Thumb Code     0  startup_stm32h743xx.o(.text)
    UART8_IRQHandler                         0x08000357   Thumb Code     0  startup_stm32h743xx.o(.text)
    USART1_IRQHandler                        0x08000357   Thumb Code     0  startup_stm32h743xx.o(.text)
    USART2_IRQHandler                        0x08000357   Thumb Code     0  startup_stm32h743xx.o(.text)
    USART3_IRQHandler                        0x08000357   Thumb Code     0  startup_stm32h743xx.o(.text)
    USART6_IRQHandler                        0x08000357   Thumb Code     0  startup_stm32h743xx.o(.text)
    WAKEUP_PIN_IRQHandler                    0x08000357   Thumb Code     0  startup_stm32h743xx.o(.text)
    WWDG_IRQHandler                          0x08000357   Thumb Code     0  startup_stm32h743xx.o(.text)
    __user_initial_stackheap                 0x08000359   Thumb Code     0  startup_stm32h743xx.o(.text)
    __aeabi_uldivmod                         0x08000381   Thumb Code     0  lludivv7m.o(.text)
    _ll_udiv                                 0x08000381   Thumb Code   238  lludivv7m.o(.text)
    __aeabi_memclr4                          0x0800046f   Thumb Code     0  rt_memclr_w.o(.text)
    __aeabi_memclr8                          0x0800046f   Thumb Code     0  rt_memclr_w.o(.text)
    __rt_memclr_w                            0x0800046f   Thumb Code    78  rt_memclr_w.o(.text)
    _memset_w                                0x08000473   Thumb Code     0  rt_memclr_w.o(.text)
    __use_two_region_memory                  0x080004bd   Thumb Code     2  heapauxi.o(.text)
    __rt_heap_escrow$2region                 0x080004bf   Thumb Code     2  heapauxi.o(.text)
    __rt_heap_expand$2region                 0x080004c1   Thumb Code     2  heapauxi.o(.text)
    __user_setup_stackheap                   0x080004c3   Thumb Code    74  sys_stackheap_outer.o(.text)
    exit                                     0x0800050d   Thumb Code    18  exit.o(.text)
    __user_libspace                          0x08000521   Thumb Code     8  libspace.o(.text)
    __user_perproc_libspace                  0x08000521   Thumb Code     0  libspace.o(.text)
    __user_perthread_libspace                0x08000521   Thumb Code     0  libspace.o(.text)
    _sys_exit                                0x08000529   Thumb Code     8  sys_exit.o(.text)
    __I$use$semihosting                      0x08000535   Thumb Code     0  use_no_semi.o(.text)
    __use_no_semihosting_swi                 0x08000535   Thumb Code     2  use_no_semi.o(.text)
    __semihosting_library_function           0x08000537   Thumb Code     0  indicate_semi.o(.text)
    ADC_ConfigureBoostMode                   0x08000539   Thumb Code   236  stm32h7xx_hal_adc.o(i.ADC_ConfigureBoostMode)
    ADC_IRQHandler                           0x08000641   Thumb Code     6  stm32h7xx_it.o(i.ADC_IRQHandler)
    BusFault_Handler                         0x0800064d   Thumb Code     2  stm32h7xx_it.o(i.BusFault_Handler)
    DebugMon_Handler                         0x0800069d   Thumb Code     2  stm32h7xx_it.o(i.DebugMon_Handler)
    Error_Handler                            0x0800069f   Thumb Code     4  main.o(i.Error_Handler)
    ExitRun0Mode                             0x080006a5   Thumb Code    22  system_stm32h7xx.o(i.ExitRun0Mode)
    HAL_ADCEx_DisableInjectedQueue           0x080006f9   Thumb Code    44  stm32h7xx_hal_adc_ex.o(i.HAL_ADCEx_DisableInjectedQueue)
    HAL_ADCEx_EndOfSamplingCallback          0x08000729   Thumb Code     2  stm32h7xx_hal_adc_ex.o(i.HAL_ADCEx_EndOfSamplingCallback)
    HAL_ADCEx_InjectedConfigChannel          0x0800072d   Thumb Code  1426  stm32h7xx_hal_adc_ex.o(i.HAL_ADCEx_InjectedConfigChannel)
    HAL_ADCEx_InjectedConvCpltCallback       0x08000cf9   Thumb Code     2  stm32h7xx_hal_adc_ex.o(i.HAL_ADCEx_InjectedConvCpltCallback)
    HAL_ADCEx_InjectedQueueOverflowCallback  0x08000cfb   Thumb Code     2  stm32h7xx_hal_adc_ex.o(i.HAL_ADCEx_InjectedQueueOverflowCallback)
    HAL_ADCEx_LevelOutOfWindow2Callback      0x08000cfd   Thumb Code     2  stm32h7xx_hal_adc_ex.o(i.HAL_ADCEx_LevelOutOfWindow2Callback)
    HAL_ADCEx_LevelOutOfWindow3Callback      0x08000cff   Thumb Code     2  stm32h7xx_hal_adc_ex.o(i.HAL_ADCEx_LevelOutOfWindow3Callback)
    HAL_ADCEx_MultiModeConfigChannel         0x08000d01   Thumb Code   274  stm32h7xx_hal_adc_ex.o(i.HAL_ADCEx_MultiModeConfigChannel)
    HAL_ADC_ConfigChannel                    0x08000e29   Thumb Code   946  stm32h7xx_hal_adc.o(i.HAL_ADC_ConfigChannel)
    HAL_ADC_ConvCpltCallback                 0x08001249   Thumb Code     2  stm32h7xx_hal_adc.o(i.HAL_ADC_ConvCpltCallback)
    HAL_ADC_ErrorCallback                    0x0800124b   Thumb Code     2  stm32h7xx_hal_adc.o(i.HAL_ADC_ErrorCallback)
    HAL_ADC_IRQHandler                       0x0800124d   Thumb Code   640  stm32h7xx_hal_adc.o(i.HAL_ADC_IRQHandler)
    HAL_ADC_Init                             0x080014dd   Thumb Code   498  stm32h7xx_hal_adc.o(i.HAL_ADC_Init)
    HAL_ADC_LevelOutOfWindowCallback         0x08001705   Thumb Code     2  stm32h7xx_hal_adc.o(i.HAL_ADC_LevelOutOfWindowCallback)
    HAL_ADC_MspInit                          0x08001709   Thumb Code   188  adc.o(i.HAL_ADC_MspInit)
    HAL_Delay                                0x080017d5   Thumb Code    32  stm32h7xx_hal.o(i.HAL_Delay)
    HAL_GPIO_Init                            0x080017f9   Thumb Code   506  stm32h7xx_hal_gpio.o(i.HAL_GPIO_Init)
    HAL_GPIO_WritePin                        0x08001a25   Thumb Code    10  stm32h7xx_hal_gpio.o(i.HAL_GPIO_WritePin)
    HAL_GetREVID                             0x08001a31   Thumb Code     8  stm32h7xx_hal.o(i.HAL_GetREVID)
    HAL_GetTick                              0x08001a3d   Thumb Code     6  stm32h7xx_hal.o(i.HAL_GetTick)
    HAL_IncTick                              0x08001a49   Thumb Code    12  stm32h7xx_hal.o(i.HAL_IncTick)
    HAL_Init                                 0x08001a59   Thumb Code    74  stm32h7xx_hal.o(i.HAL_Init)
    HAL_InitTick                             0x08001ab5   Thumb Code    56  stm32h7xx_hal.o(i.HAL_InitTick)
    HAL_MPU_ConfigRegion                     0x08001af5   Thumb Code    86  stm32h7xx_hal_cortex.o(i.HAL_MPU_ConfigRegion)
    HAL_MPU_Disable                          0x08001b51   Thumb Code    24  stm32h7xx_hal_cortex.o(i.HAL_MPU_Disable)
    HAL_MPU_Enable                           0x08001b6d   Thumb Code    30  stm32h7xx_hal_cortex.o(i.HAL_MPU_Enable)
    HAL_MspInit                              0x08001b91   Thumb Code    22  stm32h7xx_hal_msp.o(i.HAL_MspInit)
    HAL_NVIC_EnableIRQ                       0x08001bad   Thumb Code    26  stm32h7xx_hal_cortex.o(i.HAL_NVIC_EnableIRQ)
    HAL_NVIC_SetPriority                     0x08001bc9   Thumb Code    60  stm32h7xx_hal_cortex.o(i.HAL_NVIC_SetPriority)
    HAL_NVIC_SetPriorityGrouping             0x08001c09   Thumb Code    28  stm32h7xx_hal_cortex.o(i.HAL_NVIC_SetPriorityGrouping)
    HAL_PCDEx_ActivateLPM                    0x08001c2d   Thumb Code    34  stm32h7xx_hal_pcd_ex.o(i.HAL_PCDEx_ActivateLPM)
    HAL_PCDEx_LPM_Callback                   0x08001c55   Thumb Code     2  stm32h7xx_hal_pcd_ex.o(i.HAL_PCDEx_LPM_Callback)
    HAL_PCDEx_SetRxFiFo                      0x08001c57   Thumb Code     8  stm32h7xx_hal_pcd_ex.o(i.HAL_PCDEx_SetRxFiFo)
    HAL_PCDEx_SetTxFiFo                      0x08001c5f   Thumb Code    70  stm32h7xx_hal_pcd_ex.o(i.HAL_PCDEx_SetTxFiFo)
    HAL_PCD_ConnectCallback                  0x08001ca5   Thumb Code     8  usbd_conf.o(i.HAL_PCD_ConnectCallback)
    HAL_PCD_DataInStageCallback              0x08001cad   Thumb Code    18  usbd_conf.o(i.HAL_PCD_DataInStageCallback)
    HAL_PCD_DataOutStageCallback             0x08001cbf   Thumb Code    20  usbd_conf.o(i.HAL_PCD_DataOutStageCallback)
    HAL_PCD_DisconnectCallback               0x08001cd3   Thumb Code     8  usbd_conf.o(i.HAL_PCD_DisconnectCallback)
    HAL_PCD_EP_Abort                         0x08001cdb   Thumb Code    30  stm32h7xx_hal_pcd.o(i.HAL_PCD_EP_Abort)
    HAL_PCD_EP_Close                         0x08001cf9   Thumb Code    74  stm32h7xx_hal_pcd.o(i.HAL_PCD_EP_Close)
    HAL_PCD_EP_ClrStall                      0x08001d43   Thumb Code    90  stm32h7xx_hal_pcd.o(i.HAL_PCD_EP_ClrStall)
    HAL_PCD_EP_GetRxCount                    0x08001d9d   Thumb Code    18  stm32h7xx_hal_pcd.o(i.HAL_PCD_EP_GetRxCount)
    HAL_PCD_EP_Open                          0x08001daf   Thumb Code    98  stm32h7xx_hal_pcd.o(i.HAL_PCD_EP_Open)
    HAL_PCD_EP_Receive                       0x08001e11   Thumb Code    52  stm32h7xx_hal_pcd.o(i.HAL_PCD_EP_Receive)
    HAL_PCD_EP_SetStall                      0x08001e45   Thumb Code   114  stm32h7xx_hal_pcd.o(i.HAL_PCD_EP_SetStall)
    HAL_PCD_EP_Transmit                      0x08001eb7   Thumb Code    52  stm32h7xx_hal_pcd.o(i.HAL_PCD_EP_Transmit)
    HAL_PCD_IRQHandler                       0x08001eed   Thumb Code  1428  stm32h7xx_hal_pcd.o(i.HAL_PCD_IRQHandler)
    HAL_PCD_ISOINIncompleteCallback          0x08002481   Thumb Code     8  usbd_conf.o(i.HAL_PCD_ISOINIncompleteCallback)
    HAL_PCD_ISOOUTIncompleteCallback         0x08002489   Thumb Code     8  usbd_conf.o(i.HAL_PCD_ISOOUTIncompleteCallback)
    HAL_PCD_Init                             0x08002491   Thumb Code   204  stm32h7xx_hal_pcd.o(i.HAL_PCD_Init)
    HAL_PCD_MspInit                          0x0800255d   Thumb Code   152  usbd_conf.o(i.HAL_PCD_MspInit)
    HAL_PCD_ResetCallback                    0x08002601   Thumb Code    46  usbd_conf.o(i.HAL_PCD_ResetCallback)
    HAL_PCD_ResumeCallback                   0x0800262f   Thumb Code     8  usbd_conf.o(i.HAL_PCD_ResumeCallback)
    HAL_PCD_SOFCallback                      0x08002637   Thumb Code     8  usbd_conf.o(i.HAL_PCD_SOFCallback)
    HAL_PCD_SetAddress                       0x0800263f   Thumb Code    38  stm32h7xx_hal_pcd.o(i.HAL_PCD_SetAddress)
    HAL_PCD_SetupStageCallback               0x08002665   Thumb Code    14  usbd_conf.o(i.HAL_PCD_SetupStageCallback)
    HAL_PCD_Start                            0x08002673   Thumb Code    66  stm32h7xx_hal_pcd.o(i.HAL_PCD_Start)
    HAL_PCD_SuspendCallback                  0x080026b5   Thumb Code    44  usbd_conf.o(i.HAL_PCD_SuspendCallback)
    HAL_PWREx_ConfigSupply                   0x080026e5   Thumb Code    78  stm32h7xx_hal_pwr_ex.o(i.HAL_PWREx_ConfigSupply)
    HAL_PWREx_EnableUSBVoltageDetector       0x08002739   Thumb Code    12  stm32h7xx_hal_pwr_ex.o(i.HAL_PWREx_EnableUSBVoltageDetector)
    HAL_RCCEx_GetD3PCLK1Freq                 0x08002749   Thumb Code    26  stm32h7xx_hal_rcc_ex.o(i.HAL_RCCEx_GetD3PCLK1Freq)
    HAL_RCCEx_GetPLL1ClockFreq               0x0800276d   Thumb Code   298  stm32h7xx_hal_rcc_ex.o(i.HAL_RCCEx_GetPLL1ClockFreq)
    HAL_RCCEx_GetPLL2ClockFreq               0x080028b5   Thumb Code   296  stm32h7xx_hal_rcc_ex.o(i.HAL_RCCEx_GetPLL2ClockFreq)
    HAL_RCCEx_GetPLL3ClockFreq               0x080029f9   Thumb Code   296  stm32h7xx_hal_rcc_ex.o(i.HAL_RCCEx_GetPLL3ClockFreq)
    HAL_RCCEx_GetPeriphCLKFreq               0x08002b3d   Thumb Code   692  stm32h7xx_hal_rcc_ex.o(i.HAL_RCCEx_GetPeriphCLKFreq)
    HAL_RCCEx_PeriphCLKConfig                0x08002e05   Thumb Code  2472  stm32h7xx_hal_rcc_ex.o(i.HAL_RCCEx_PeriphCLKConfig)
    HAL_RCC_ClockConfig                      0x080037b1   Thumb Code   580  stm32h7xx_hal_rcc.o(i.HAL_RCC_ClockConfig)
    HAL_RCC_GetHCLKFreq                      0x08003a0d   Thumb Code    52  stm32h7xx_hal_rcc.o(i.HAL_RCC_GetHCLKFreq)
    HAL_RCC_GetPCLK1Freq                     0x08003a51   Thumb Code    26  stm32h7xx_hal_rcc.o(i.HAL_RCC_GetPCLK1Freq)
    HAL_RCC_GetPCLK2Freq                     0x08003a75   Thumb Code    26  stm32h7xx_hal_rcc.o(i.HAL_RCC_GetPCLK2Freq)
    HAL_RCC_GetSysClockFreq                  0x08003a99   Thumb Code   278  stm32h7xx_hal_rcc.o(i.HAL_RCC_GetSysClockFreq)
    HAL_RCC_OscConfig                        0x08003bd1   Thumb Code  1410  stm32h7xx_hal_rcc.o(i.HAL_RCC_OscConfig)
    HAL_SPI_Init                             0x08004155   Thumb Code   366  stm32h7xx_hal_spi.o(i.HAL_SPI_Init)
    HAL_SPI_MspInit                          0x080042d1   Thumb Code   330  spi.o(i.HAL_SPI_MspInit)
    HAL_SYSTICK_Config                       0x08004439   Thumb Code    38  stm32h7xx_hal_cortex.o(i.HAL_SYSTICK_Config)
    HAL_TIMEx_Break2Callback                 0x0800445f   Thumb Code     2  stm32h7xx_hal_tim_ex.o(i.HAL_TIMEx_Break2Callback)
    HAL_TIMEx_BreakCallback                  0x08004461   Thumb Code     2  stm32h7xx_hal_tim_ex.o(i.HAL_TIMEx_BreakCallback)
    HAL_TIMEx_CommutCallback                 0x08004463   Thumb Code     2  stm32h7xx_hal_tim_ex.o(i.HAL_TIMEx_CommutCallback)
    HAL_TIMEx_ConfigBreakDeadTime            0x08004465   Thumb Code   150  stm32h7xx_hal_tim_ex.o(i.HAL_TIMEx_ConfigBreakDeadTime)
    HAL_TIMEx_MasterConfigSynchronization    0x08004505   Thumb Code   134  stm32h7xx_hal_tim_ex.o(i.HAL_TIMEx_MasterConfigSynchronization)
    HAL_TIM_Base_Init                        0x080045a9   Thumb Code    98  stm32h7xx_hal_tim.o(i.HAL_TIM_Base_Init)
    HAL_TIM_Base_MspInit                     0x0800460d   Thumb Code    90  tim.o(i.HAL_TIM_Base_MspInit)
    HAL_TIM_ConfigClockSource                0x08004675   Thumb Code   248  stm32h7xx_hal_tim.o(i.HAL_TIM_ConfigClockSource)
    HAL_TIM_IC_CaptureCallback               0x08004771   Thumb Code     2  stm32h7xx_hal_tim.o(i.HAL_TIM_IC_CaptureCallback)
    HAL_TIM_IRQHandler                       0x08004773   Thumb Code   328  stm32h7xx_hal_tim.o(i.HAL_TIM_IRQHandler)
    HAL_TIM_MspPostInit                      0x080048bd   Thumb Code   108  tim.o(i.HAL_TIM_MspPostInit)
    HAL_TIM_OC_DelayElapsedCallback          0x08004939   Thumb Code     2  stm32h7xx_hal_tim.o(i.HAL_TIM_OC_DelayElapsedCallback)
    HAL_TIM_PWM_ConfigChannel                0x0800493b   Thumb Code   292  stm32h7xx_hal_tim.o(i.HAL_TIM_PWM_ConfigChannel)
    HAL_TIM_PWM_Init                         0x08004a5f   Thumb Code    98  stm32h7xx_hal_tim.o(i.HAL_TIM_PWM_Init)
    HAL_TIM_PWM_MspInit                      0x08004ac1   Thumb Code     2  stm32h7xx_hal_tim.o(i.HAL_TIM_PWM_MspInit)
    HAL_TIM_PWM_PulseFinishedCallback        0x08004ac3   Thumb Code     2  stm32h7xx_hal_tim.o(i.HAL_TIM_PWM_PulseFinishedCallback)
    HAL_TIM_PeriodElapsedCallback            0x08004ac5   Thumb Code     2  stm32h7xx_hal_tim.o(i.HAL_TIM_PeriodElapsedCallback)
    HAL_TIM_TriggerCallback                  0x08004ac7   Thumb Code     2  stm32h7xx_hal_tim.o(i.HAL_TIM_TriggerCallback)
    HAL_UARTEx_DisableFifoMode               0x08004ac9   Thumb Code    64  stm32h7xx_hal_uart_ex.o(i.HAL_UARTEx_DisableFifoMode)
    HAL_UARTEx_SetRxFifoThreshold            0x08004b09   Thumb Code    76  stm32h7xx_hal_uart_ex.o(i.HAL_UARTEx_SetRxFifoThreshold)
    HAL_UARTEx_SetTxFifoThreshold            0x08004b55   Thumb Code    76  stm32h7xx_hal_uart_ex.o(i.HAL_UARTEx_SetTxFifoThreshold)
    HAL_UART_Init                            0x08004ba1   Thumb Code   106  stm32h7xx_hal_uart.o(i.HAL_UART_Init)
    HAL_UART_MspInit                         0x08004c0d   Thumb Code   122  usart.o(i.HAL_UART_MspInit)
    HardFault_Handler                        0x08004c95   Thumb Code     2  stm32h7xx_it.o(i.HardFault_Handler)
    MX_ADC1_Init                             0x08004d29   Thumb Code   248  adc.o(i.MX_ADC1_Init)
    MX_GPIO_Init                             0x08004e35   Thumb Code   282  gpio.o(i.MX_GPIO_Init)
    MX_SPI2_Init                             0x08004f65   Thumb Code    86  spi.o(i.MX_SPI2_Init)
    MX_SPI3_Init                             0x08004fc5   Thumb Code    90  spi.o(i.MX_SPI3_Init)
    MX_SPI4_Init                             0x08005029   Thumb Code    86  spi.o(i.MX_SPI4_Init)
    MX_TIM6_Init                             0x08005089   Thumb Code    62  tim.o(i.MX_TIM6_Init)
    MX_TIM8_Init                             0x080050d1   Thumb Code   254  tim.o(i.MX_TIM8_Init)
    MX_USART1_UART_Init                      0x080051d9   Thumb Code    94  usart.o(i.MX_USART1_UART_Init)
    MX_USB_DEVICE_Init                       0x08005241   Thumb Code    66  usb_device.o(i.MX_USB_DEVICE_Init)
    MemManage_Handler                        0x08005295   Thumb Code     2  stm32h7xx_it.o(i.MemManage_Handler)
    NMI_Handler                              0x08005297   Thumb Code     2  stm32h7xx_it.o(i.NMI_Handler)
    OTG_FS_IRQHandler                        0x08005299   Thumb Code     6  stm32h7xx_it.o(i.OTG_FS_IRQHandler)
    PendSV_Handler                           0x08005413   Thumb Code     2  stm32h7xx_it.o(i.PendSV_Handler)
    SVC_Handler                              0x08005655   Thumb Code     2  stm32h7xx_it.o(i.SVC_Handler)
    SysTick_Handler                          0x08005657   Thumb Code     4  stm32h7xx_it.o(i.SysTick_Handler)
    SystemClock_Config                       0x0800565d   Thumb Code   162  main.o(i.SystemClock_Config)
    SystemInit                               0x08005709   Thumb Code   206  system_stm32h7xx.o(i.SystemInit)
    TIM6_DAC_IRQHandler                      0x08005801   Thumb Code     6  stm32h7xx_it.o(i.TIM6_DAC_IRQHandler)
    TIM8_UP_TIM13_IRQHandler                 0x0800580d   Thumb Code     6  stm32h7xx_it.o(i.TIM8_UP_TIM13_IRQHandler)
    TIM_Base_SetConfig                       0x08005819   Thumb Code   170  stm32h7xx_hal_tim.o(i.TIM_Base_SetConfig)
    TIM_ETR_SetConfig                        0x080058e5   Thumb Code    18  stm32h7xx_hal_tim.o(i.TIM_ETR_SetConfig)
    TIM_OC2_SetConfig                        0x080059b1   Thumb Code   126  stm32h7xx_hal_tim.o(i.TIM_OC2_SetConfig)
    UART_AdvFeatureConfig                    0x08005ccd   Thumb Code   200  stm32h7xx_hal_uart.o(i.UART_AdvFeatureConfig)
    UART_CheckIdleState                      0x08005d95   Thumb Code   170  stm32h7xx_hal_uart.o(i.UART_CheckIdleState)
    UART_SetConfig                           0x08005e95   Thumb Code   876  stm32h7xx_hal_uart.o(i.UART_SetConfig)
    UART_WaitOnFlagUntilTimeout              0x08006241   Thumb Code   148  stm32h7xx_hal_uart.o(i.UART_WaitOnFlagUntilTimeout)
    USBD_CDC_GetDeviceQualifierDescriptor    0x08006459   Thumb Code     8  usbd_cdc.o(i.USBD_CDC_GetDeviceQualifierDescriptor)
    USBD_CDC_ReceivePacket                   0x0800667d   Thumb Code    66  usbd_cdc.o(i.USBD_CDC_ReceivePacket)
    USBD_CDC_RegisterInterface               0x080066c5   Thumb Code    24  usbd_cdc.o(i.USBD_CDC_RegisterInterface)
    USBD_CDC_SetRxBuffer                     0x080066dd   Thumb Code    28  usbd_cdc.o(i.USBD_CDC_SetRxBuffer)
    USBD_CDC_SetTxBuffer                     0x080066f9   Thumb Code    32  usbd_cdc.o(i.USBD_CDC_SetTxBuffer)
    USBD_ClrClassConfig                      0x08006829   Thumb Code    20  usbd_core.o(i.USBD_ClrClassConfig)
    USBD_CoreFindEP                          0x08006863   Thumb Code     4  usbd_core.o(i.USBD_CoreFindEP)
    USBD_CoreFindIF                          0x08006867   Thumb Code     4  usbd_core.o(i.USBD_CoreFindIF)
    USBD_CtlContinueRx                       0x0800686b   Thumb Code    16  usbd_ioreq.o(i.USBD_CtlContinueRx)
    USBD_CtlContinueSendData                 0x0800687b   Thumb Code    16  usbd_ioreq.o(i.USBD_CtlContinueSendData)
    USBD_CtlError                            0x0800688b   Thumb Code    24  usbd_ctlreq.o(i.USBD_CtlError)
    USBD_CtlPrepareRx                        0x080068a3   Thumb Code    30  usbd_ioreq.o(i.USBD_CtlPrepareRx)
    USBD_CtlReceiveStatus                    0x080068c1   Thumb Code    22  usbd_ioreq.o(i.USBD_CtlReceiveStatus)
    USBD_CtlSendData                         0x080068d7   Thumb Code    26  usbd_ioreq.o(i.USBD_CtlSendData)
    USBD_CtlSendStatus                       0x080068f1   Thumb Code    22  usbd_ioreq.o(i.USBD_CtlSendStatus)
    USBD_FS_ConfigStrDescriptor              0x08006909   Thumb Code    32  usbd_desc.o(i.USBD_FS_ConfigStrDescriptor)
    USBD_FS_DeviceDescriptor                 0x08006939   Thumb Code     8  usbd_desc.o(i.USBD_FS_DeviceDescriptor)
    USBD_FS_InterfaceStrDescriptor           0x08006945   Thumb Code    32  usbd_desc.o(i.USBD_FS_InterfaceStrDescriptor)
    USBD_FS_LangIDStrDescriptor              0x08006979   Thumb Code     8  usbd_desc.o(i.USBD_FS_LangIDStrDescriptor)
    USBD_FS_ManufacturerStrDescriptor        0x08006985   Thumb Code    16  usbd_desc.o(i.USBD_FS_ManufacturerStrDescriptor)
    USBD_FS_ProductStrDescriptor             0x080069ad   Thumb Code    32  usbd_desc.o(i.USBD_FS_ProductStrDescriptor)
    USBD_FS_SerialStrDescriptor              0x080069e9   Thumb Code    14  usbd_desc.o(i.USBD_FS_SerialStrDescriptor)
    USBD_GetEpDesc                           0x08006c19   Thumb Code    60  usbd_core.o(i.USBD_GetEpDesc)
    USBD_GetNextDesc                         0x08006c6d   Thumb Code    14  usbd_core.o(i.USBD_GetNextDesc)
    USBD_GetString                           0x08006cb1   Thumb Code    88  usbd_ctlreq.o(i.USBD_GetString)
    USBD_Get_USB_Status                      0x08006d09   Thumb Code    36  usbd_conf.o(i.USBD_Get_USB_Status)
    USBD_Init                                0x08006d2d   Thumb Code    40  usbd_core.o(i.USBD_Init)
    USBD_LL_ClearStallEP                     0x08006d55   Thumb Code    18  usbd_conf.o(i.USBD_LL_ClearStallEP)
    USBD_LL_CloseEP                          0x08006d67   Thumb Code    18  usbd_conf.o(i.USBD_LL_CloseEP)
    USBD_LL_DataInStage                      0x08006d79   Thumb Code   220  usbd_core.o(i.USBD_LL_DataInStage)
    USBD_LL_DataOutStage                     0x08006e55   Thumb Code   208  usbd_core.o(i.USBD_LL_DataOutStage)
    USBD_LL_DevConnected                     0x08006f25   Thumb Code     4  usbd_core.o(i.USBD_LL_DevConnected)
    USBD_LL_DevDisconnected                  0x08006f29   Thumb Code    32  usbd_core.o(i.USBD_LL_DevDisconnected)
    USBD_LL_GetRxDataSize                    0x08006f49   Thumb Code     8  usbd_conf.o(i.USBD_LL_GetRxDataSize)
    USBD_LL_Init                             0x08006f51   Thumb Code    92  usbd_conf.o(i.USBD_LL_Init)
    USBD_LL_IsStallEP                        0x08006fb5   Thumb Code    32  usbd_conf.o(i.USBD_LL_IsStallEP)
    USBD_LL_IsoINIncomplete                  0x08006fd5   Thumb Code    42  usbd_core.o(i.USBD_LL_IsoINIncomplete)
    USBD_LL_IsoOUTIncomplete                 0x08006fff   Thumb Code    42  usbd_core.o(i.USBD_LL_IsoOUTIncomplete)
    USBD_LL_OpenEP                           0x08007029   Thumb Code    24  usbd_conf.o(i.USBD_LL_OpenEP)
    USBD_LL_PrepareReceive                   0x08007041   Thumb Code    18  usbd_conf.o(i.USBD_LL_PrepareReceive)
    USBD_LL_Reset                            0x08007053   Thumb Code    96  usbd_core.o(i.USBD_LL_Reset)
    USBD_LL_Resume                           0x080070b3   Thumb Code    20  usbd_core.o(i.USBD_LL_Resume)
    USBD_LL_SOF                              0x080070c7   Thumb Code    26  usbd_core.o(i.USBD_LL_SOF)
    USBD_LL_SetSpeed                         0x080070e1   Thumb Code     6  usbd_core.o(i.USBD_LL_SetSpeed)
    USBD_LL_SetUSBAddress                    0x080070e7   Thumb Code    18  usbd_conf.o(i.USBD_LL_SetUSBAddress)
    USBD_LL_SetupStage                       0x080070f9   Thumb Code   100  usbd_core.o(i.USBD_LL_SetupStage)
    USBD_LL_StallEP                          0x0800715d   Thumb Code    18  usbd_conf.o(i.USBD_LL_StallEP)
    USBD_LL_Start                            0x0800716f   Thumb Code    18  usbd_conf.o(i.USBD_LL_Start)
    USBD_LL_Suspend                          0x08007181   Thumb Code    26  usbd_core.o(i.USBD_LL_Suspend)
    USBD_LL_Transmit                         0x0800719b   Thumb Code    18  usbd_conf.o(i.USBD_LL_Transmit)
    USBD_ParseSetupRequest                   0x080071ad   Thumb Code    50  usbd_ctlreq.o(i.USBD_ParseSetupRequest)
    USBD_RegisterClass                       0x080071df   Thumb Code    58  usbd_core.o(i.USBD_RegisterClass)
    USBD_RunTestMode                         0x08007219   Thumb Code     4  usbd_core.o(i.USBD_RunTestMode)
    USBD_SetClassConfig                      0x08007275   Thumb Code    20  usbd_core.o(i.USBD_SetClassConfig)
    USBD_Start                               0x08007389   Thumb Code     4  usbd_core.o(i.USBD_Start)
    USBD_StdDevReq                           0x0800738d   Thumb Code   118  usbd_ctlreq.o(i.USBD_StdDevReq)
    USBD_StdEPReq                            0x08007403   Thumb Code   558  usbd_ctlreq.o(i.USBD_StdEPReq)
    USBD_StdItfReq                           0x08007631   Thumb Code   142  usbd_ctlreq.o(i.USBD_StdItfReq)
    USBD_static_free                         0x080076bf   Thumb Code     2  usbd_conf.o(i.USBD_static_free)
    USBD_static_malloc                       0x080076c1   Thumb Code     4  usbd_conf.o(i.USBD_static_malloc)
    USB_ActivateEndpoint                     0x080076c9   Thumb Code   124  stm32h7xx_ll_usb.o(i.USB_ActivateEndpoint)
    USB_ActivateSetup                        0x08007749   Thumb Code    28  stm32h7xx_ll_usb.o(i.USB_ActivateSetup)
    USB_CoreInit                             0x08007765   Thumb Code   142  stm32h7xx_ll_usb.o(i.USB_CoreInit)
    USB_DeactivateEndpoint                   0x08007839   Thumb Code   194  stm32h7xx_ll_usb.o(i.USB_DeactivateEndpoint)
    USB_DevConnect                           0x08007905   Thumb Code    28  stm32h7xx_ll_usb.o(i.USB_DevConnect)
    USB_DevDisconnect                        0x08007921   Thumb Code    28  stm32h7xx_ll_usb.o(i.USB_DevDisconnect)
    USB_DevInit                              0x0800793d   Thumb Code   354  stm32h7xx_ll_usb.o(i.USB_DevInit)
    USB_DisableGlobalInt                     0x08007aa9   Thumb Code    12  stm32h7xx_ll_usb.o(i.USB_DisableGlobalInt)
    USB_EP0_OutStart                         0x08007ab5   Thumb Code    84  stm32h7xx_ll_usb.o(i.USB_EP0_OutStart)
    USB_EPClearStall                         0x08007b0d   Thumb Code    88  stm32h7xx_ll_usb.o(i.USB_EPClearStall)
    USB_EPSetStall                           0x08007b65   Thumb Code    88  stm32h7xx_ll_usb.o(i.USB_EPSetStall)
    USB_EPStartXfer                          0x08007bbd   Thumb Code   572  stm32h7xx_ll_usb.o(i.USB_EPStartXfer)
    USB_EPStopXfer                           0x08007dfd   Thumb Code   158  stm32h7xx_ll_usb.o(i.USB_EPStopXfer)
    USB_EnableGlobalInt                      0x08007e9b   Thumb Code    12  stm32h7xx_ll_usb.o(i.USB_EnableGlobalInt)
    USB_FlushRxFifo                          0x08007ea7   Thumb Code    56  stm32h7xx_ll_usb.o(i.USB_FlushRxFifo)
    USB_FlushTxFifo                          0x08007edf   Thumb Code    60  stm32h7xx_ll_usb.o(i.USB_FlushTxFifo)
    USB_GetDevSpeed                          0x08007f1b   Thumb Code    26  stm32h7xx_ll_usb.o(i.USB_GetDevSpeed)
    USB_GetMode                              0x08007f35   Thumb Code     8  stm32h7xx_ll_usb.o(i.USB_GetMode)
    USB_ReadDevAllInEpInterrupt              0x08007f3d   Thumb Code    14  stm32h7xx_ll_usb.o(i.USB_ReadDevAllInEpInterrupt)
    USB_ReadDevAllOutEpInterrupt             0x08007f4b   Thumb Code    14  stm32h7xx_ll_usb.o(i.USB_ReadDevAllOutEpInterrupt)
    USB_ReadDevInEPInterrupt                 0x08007f59   Thumb Code    36  stm32h7xx_ll_usb.o(i.USB_ReadDevInEPInterrupt)
    USB_ReadDevOutEPInterrupt                0x08007f7d   Thumb Code    16  stm32h7xx_ll_usb.o(i.USB_ReadDevOutEPInterrupt)
    USB_ReadInterrupts                       0x08007f8d   Thumb Code     8  stm32h7xx_ll_usb.o(i.USB_ReadInterrupts)
    USB_ReadPacket                           0x08007f95   Thumb Code    64  stm32h7xx_ll_usb.o(i.USB_ReadPacket)
    USB_SetCurrentMode                       0x08007fd5   Thumb Code    94  stm32h7xx_ll_usb.o(i.USB_SetCurrentMode)
    USB_SetDevAddress                        0x08008033   Thumb Code    34  stm32h7xx_ll_usb.o(i.USB_SetDevAddress)
    USB_SetTurnaroundTime                    0x08008055   Thumb Code   158  stm32h7xx_ll_usb.o(i.USB_SetTurnaroundTime)
    USB_WritePacket                          0x0800813d   Thumb Code    40  stm32h7xx_ll_usb.o(i.USB_WritePacket)
    UsageFault_Handler                       0x08008165   Thumb Code     2  stm32h7xx_it.o(i.UsageFault_Handler)
    main                                     0x08008189   Thumb Code   122  main.o(i.main)
    _fp_init                                 0x08008203   Thumb Code    10  fpinit.o(x$fpl$fpinit)
    __fplib_config_fpu_vfp                   0x0800820b   Thumb Code     0  fpinit.o(x$fpl$fpinit)
    __fplib_config_pureend_doubles           0x0800820b   Thumb Code     0  fpinit.o(x$fpl$fpinit)
    UARTPrescTable                           0x0800820c   Data          24  stm32h7xx_hal_uart.o(.constdata)
    D1CorePrescTable                         0x08008234   Data          16  system_stm32h7xx.o(.constdata)
    Region$$Table$$Base                      0x08008244   Number         0  anon$$obj.o(Region$$Table)
    Region$$Table$$Limit                     0x08008264   Number         0  anon$$obj.o(Region$$Table)
    uwTickFreq                               0x24000000   Data           1  stm32h7xx_hal.o(.data)
    uwTickPrio                               0x24000004   Data           4  stm32h7xx_hal.o(.data)
    uwTick                                   0x24000008   Data           4  stm32h7xx_hal.o(.data)
    SystemCoreClock                          0x2400000c   Data           4  system_stm32h7xx.o(.data)
    SystemD2Clock                            0x24000010   Data           4  system_stm32h7xx.o(.data)
    FS_Desc                                  0x24000014   Data          32  usbd_desc.o(.data)
    USBD_LangIDDesc                          0x24000034   Data           4  usbd_desc.o(.data)
    USBD_FS_DeviceDesc                       0x24000038   Data          18  usbd_desc.o(.data)
    USBD_StringSerial                        0x2400004c   Data          26  usbd_desc.o(.data)
    USBD_Interface_fops_FS                   0x24000068   Data          20  usbd_cdc_if.o(.data)
    USBD_CDC                                 0x240000d4   Data          56  usbd_cdc.o(.data)
    hadc1                                    0x2400010c   Data         100  adc.o(.bss)
    hspi2                                    0x24000170   Data         136  spi.o(.bss)
    hspi3                                    0x240001f8   Data         136  spi.o(.bss)
    hspi4                                    0x24000280   Data         136  spi.o(.bss)
    htim6                                    0x24000308   Data          76  tim.o(.bss)
    htim8                                    0x24000354   Data          76  tim.o(.bss)
    huart1                                   0x240003a0   Data         148  usart.o(.bss)
    hUsbDeviceFS                             0x24000434   Data         732  usb_device.o(.bss)
    USBD_StrDesc                             0x24000710   Data         512  usbd_desc.o(.bss)
    UserRxBufferFS                           0x24000910   Data        2048  usbd_cdc_if.o(.bss)
    UserTxBufferFS                           0x24001110   Data        2048  usbd_cdc_if.o(.bss)
    hpcd_USB_OTG_FS                          0x24001b30   Data        1252  usbd_conf.o(.bss)
    __libspace_start                         0x24002014   Data          96  libspace.o(.bss)
    __temporary_stack_top$libspace           0x24002074   Data           0  libspace.o(.bss)



==============================================================================

Memory Map of the image

  Image Entry point : 0x08000299

  Load Region LR_IROM1 (Base: 0x08000000, Size: 0x00008370, Max: 0x00200000, ABSOLUTE)

    Execution Region ER_IROM1 (Exec base: 0x08000000, Load base: 0x08000000, Size: 0x00008264, Max: 0x00200000, ABSOLUTE)

    Exec Addr    Load Addr    Size         Type   Attr      Idx    E Section Name        Object

    0x08000000   0x08000000   0x00000298   Data   RO            3    RESET               startup_stm32h743xx.o
    0x08000298   0x08000298   0x00000008   Code   RO         6780  * !!!main             c_w.l(__main.o)
    0x080002a0   0x080002a0   0x00000034   Code   RO         6947    !!!scatter          c_w.l(__scatter.o)
    0x080002d4   0x080002d4   0x0000001a   Code   RO         6949    !!handler_copy      c_w.l(__scatter_copy.o)
    0x080002ee   0x080002ee   0x00000002   PAD
    0x080002f0   0x080002f0   0x0000001c   Code   RO         6951    !!handler_zi        c_w.l(__scatter_zi.o)
    0x0800030c   0x0800030c   0x00000002   Code   RO         6817    .ARM.Collect$$libinit$$00000000  c_w.l(libinit.o)
    0x0800030e   0x0800030e   0x00000004   Code   RO         6829    .ARM.Collect$$libinit$$00000001  c_w.l(libinit2.o)
    0x08000312   0x08000312   0x00000000   Code   RO         6832    .ARM.Collect$$libinit$$00000004  c_w.l(libinit2.o)
    0x08000312   0x08000312   0x00000000   Code   RO         6835    .ARM.Collect$$libinit$$0000000A  c_w.l(libinit2.o)
    0x08000312   0x08000312   0x00000000   Code   RO         6837    .ARM.Collect$$libinit$$0000000C  c_w.l(libinit2.o)
    0x08000312   0x08000312   0x00000000   Code   RO         6839    .ARM.Collect$$libinit$$0000000E  c_w.l(libinit2.o)
    0x08000312   0x08000312   0x00000000   Code   RO         6842    .ARM.Collect$$libinit$$00000011  c_w.l(libinit2.o)
    0x08000312   0x08000312   0x00000000   Code   RO         6844    .ARM.Collect$$libinit$$00000013  c_w.l(libinit2.o)
    0x08000312   0x08000312   0x00000000   Code   RO         6846    .ARM.Collect$$libinit$$00000015  c_w.l(libinit2.o)
    0x08000312   0x08000312   0x00000000   Code   RO         6848    .ARM.Collect$$libinit$$00000017  c_w.l(libinit2.o)
    0x08000312   0x08000312   0x00000000   Code   RO         6850    .ARM.Collect$$libinit$$00000019  c_w.l(libinit2.o)
    0x08000312   0x08000312   0x00000000   Code   RO         6852    .ARM.Collect$$libinit$$0000001B  c_w.l(libinit2.o)
    0x08000312   0x08000312   0x00000000   Code   RO         6854    .ARM.Collect$$libinit$$0000001D  c_w.l(libinit2.o)
    0x08000312   0x08000312   0x00000000   Code   RO         6856    .ARM.Collect$$libinit$$0000001F  c_w.l(libinit2.o)
    0x08000312   0x08000312   0x00000000   Code   RO         6858    .ARM.Collect$$libinit$$00000021  c_w.l(libinit2.o)
    0x08000312   0x08000312   0x00000000   Code   RO         6860    .ARM.Collect$$libinit$$00000023  c_w.l(libinit2.o)
    0x08000312   0x08000312   0x00000000   Code   RO         6862    .ARM.Collect$$libinit$$00000025  c_w.l(libinit2.o)
    0x08000312   0x08000312   0x00000000   Code   RO         6866    .ARM.Collect$$libinit$$0000002C  c_w.l(libinit2.o)
    0x08000312   0x08000312   0x00000000   Code   RO         6868    .ARM.Collect$$libinit$$0000002E  c_w.l(libinit2.o)
    0x08000312   0x08000312   0x00000000   Code   RO         6870    .ARM.Collect$$libinit$$00000030  c_w.l(libinit2.o)
    0x08000312   0x08000312   0x00000000   Code   RO         6872    .ARM.Collect$$libinit$$00000032  c_w.l(libinit2.o)
    0x08000312   0x08000312   0x00000002   Code   RO         6873    .ARM.Collect$$libinit$$00000033  c_w.l(libinit2.o)
    0x08000314   0x08000314   0x00000002   Code   RO         6904    .ARM.Collect$$libshutdown$$00000000  c_w.l(libshutdown.o)
    0x08000316   0x08000316   0x00000000   Code   RO         6930    .ARM.Collect$$libshutdown$$00000002  c_w.l(libshutdown2.o)
    0x08000316   0x08000316   0x00000000   Code   RO         6932    .ARM.Collect$$libshutdown$$00000004  c_w.l(libshutdown2.o)
    0x08000316   0x08000316   0x00000000   Code   RO         6935    .ARM.Collect$$libshutdown$$00000007  c_w.l(libshutdown2.o)
    0x08000316   0x08000316   0x00000000   Code   RO         6938    .ARM.Collect$$libshutdown$$0000000A  c_w.l(libshutdown2.o)
    0x08000316   0x08000316   0x00000000   Code   RO         6940    .ARM.Collect$$libshutdown$$0000000C  c_w.l(libshutdown2.o)
    0x08000316   0x08000316   0x00000000   Code   RO         6943    .ARM.Collect$$libshutdown$$0000000F  c_w.l(libshutdown2.o)
    0x08000316   0x08000316   0x00000002   Code   RO         6944    .ARM.Collect$$libshutdown$$00000010  c_w.l(libshutdown2.o)
    0x08000318   0x08000318   0x00000000   Code   RO         6782    .ARM.Collect$$rtentry$$00000000  c_w.l(__rtentry.o)
    0x08000318   0x08000318   0x00000000   Code   RO         6788    .ARM.Collect$$rtentry$$00000002  c_w.l(__rtentry2.o)
    0x08000318   0x08000318   0x00000006   Code   RO         6800    .ARM.Collect$$rtentry$$00000004  c_w.l(__rtentry4.o)
    0x0800031e   0x0800031e   0x00000000   Code   RO         6790    .ARM.Collect$$rtentry$$00000009  c_w.l(__rtentry2.o)
    0x0800031e   0x0800031e   0x00000004   Code   RO         6791    .ARM.Collect$$rtentry$$0000000A  c_w.l(__rtentry2.o)
    0x08000322   0x08000322   0x00000000   Code   RO         6793    .ARM.Collect$$rtentry$$0000000C  c_w.l(__rtentry2.o)
    0x08000322   0x08000322   0x00000008   Code   RO         6794    .ARM.Collect$$rtentry$$0000000D  c_w.l(__rtentry2.o)
    0x0800032a   0x0800032a   0x00000002   Code   RO         6821    .ARM.Collect$$rtexit$$00000000  c_w.l(rtexit.o)
    0x0800032c   0x0800032c   0x00000000   Code   RO         6877    .ARM.Collect$$rtexit$$00000002  c_w.l(rtexit2.o)
    0x0800032c   0x0800032c   0x00000004   Code   RO         6878    .ARM.Collect$$rtexit$$00000003  c_w.l(rtexit2.o)
    0x08000330   0x08000330   0x00000006   Code   RO         6879    .ARM.Collect$$rtexit$$00000004  c_w.l(rtexit2.o)
    0x08000336   0x08000336   0x00000002   PAD
    0x08000338   0x08000338   0x00000048   Code   RO            4    .text               startup_stm32h743xx.o
    0x08000380   0x08000380   0x000000ee   Code   RO         6774    .text               c_w.l(lludivv7m.o)
    0x0800046e   0x0800046e   0x0000004e   Code   RO         6776    .text               c_w.l(rt_memclr_w.o)
    0x080004bc   0x080004bc   0x00000006   Code   RO         6778    .text               c_w.l(heapauxi.o)
    0x080004c2   0x080004c2   0x0000004a   Code   RO         6804    .text               c_w.l(sys_stackheap_outer.o)
    0x0800050c   0x0800050c   0x00000012   Code   RO         6806    .text               c_w.l(exit.o)
    0x0800051e   0x0800051e   0x00000002   PAD
    0x08000520   0x08000520   0x00000008   Code   RO         6818    .text               c_w.l(libspace.o)
    0x08000528   0x08000528   0x0000000c   Code   RO         6874    .text               c_w.l(sys_exit.o)
    0x08000534   0x08000534   0x00000002   Code   RO         6893    .text               c_w.l(use_no_semi.o)
    0x08000536   0x08000536   0x00000000   Code   RO         6895    .text               c_w.l(indicate_semi.o)
    0x08000536   0x08000536   0x00000002   PAD
    0x08000538   0x08000538   0x00000108   Code   RO         3587    i.ADC_ConfigureBoostMode  stm32h7xx_hal_adc.o
    0x08000640   0x08000640   0x0000000c   Code   RO          442    i.ADC_IRQHandler    stm32h7xx_it.o
    0x0800064c   0x0800064c   0x00000002   Code   RO          443    i.BusFault_Handler  stm32h7xx_it.o
    0x0800064e   0x0800064e   0x00000008   Code   RO         6085    i.CDC_Control_FS    usbd_cdc_if.o
    0x08000656   0x08000656   0x00000004   Code   RO         6086    i.CDC_DeInit_FS     usbd_cdc_if.o
    0x0800065a   0x0800065a   0x00000002   PAD
    0x0800065c   0x0800065c   0x00000024   Code   RO         6087    i.CDC_Init_FS       usbd_cdc_if.o
    0x08000680   0x08000680   0x00000018   Code   RO         6088    i.CDC_Receive_FS    usbd_cdc_if.o
    0x08000698   0x08000698   0x00000004   Code   RO         6089    i.CDC_TransmitCplt_FS  usbd_cdc_if.o
    0x0800069c   0x0800069c   0x00000002   Code   RO          444    i.DebugMon_Handler  stm32h7xx_it.o
    0x0800069e   0x0800069e   0x00000004   Code   RO           13    i.Error_Handler     main.o
    0x080006a2   0x080006a2   0x00000002   PAD
    0x080006a4   0x080006a4   0x0000001c   Code   RO         5902    i.ExitRun0Mode      system_stm32h7xx.o
    0x080006c0   0x080006c0   0x00000038   Code   RO         5993    i.Get_SerialNum     usbd_desc.o
    0x080006f8   0x080006f8   0x00000030   Code   RO         3805    i.HAL_ADCEx_DisableInjectedQueue  stm32h7xx_hal_adc_ex.o
    0x08000728   0x08000728   0x00000002   Code   RO         3808    i.HAL_ADCEx_EndOfSamplingCallback  stm32h7xx_hal_adc_ex.o
    0x0800072a   0x0800072a   0x00000002   PAD
    0x0800072c   0x0800072c   0x000005cc   Code   RO         3810    i.HAL_ADCEx_InjectedConfigChannel  stm32h7xx_hal_adc_ex.o
    0x08000cf8   0x08000cf8   0x00000002   Code   RO         3811    i.HAL_ADCEx_InjectedConvCpltCallback  stm32h7xx_hal_adc_ex.o
    0x08000cfa   0x08000cfa   0x00000002   Code   RO         3814    i.HAL_ADCEx_InjectedQueueOverflowCallback  stm32h7xx_hal_adc_ex.o
    0x08000cfc   0x08000cfc   0x00000002   Code   RO         3819    i.HAL_ADCEx_LevelOutOfWindow2Callback  stm32h7xx_hal_adc_ex.o
    0x08000cfe   0x08000cfe   0x00000002   Code   RO         3820    i.HAL_ADCEx_LevelOutOfWindow3Callback  stm32h7xx_hal_adc_ex.o
    0x08000d00   0x08000d00   0x00000128   Code   RO         3824    i.HAL_ADCEx_MultiModeConfigChannel  stm32h7xx_hal_adc_ex.o
    0x08000e28   0x08000e28   0x00000420   Code   RO         3595    i.HAL_ADC_ConfigChannel  stm32h7xx_hal_adc.o
    0x08001248   0x08001248   0x00000002   Code   RO         3596    i.HAL_ADC_ConvCpltCallback  stm32h7xx_hal_adc.o
    0x0800124a   0x0800124a   0x00000002   Code   RO         3599    i.HAL_ADC_ErrorCallback  stm32h7xx_hal_adc.o
    0x0800124c   0x0800124c   0x00000290   Code   RO         3603    i.HAL_ADC_IRQHandler  stm32h7xx_hal_adc.o
    0x080014dc   0x080014dc   0x00000228   Code   RO         3604    i.HAL_ADC_Init      stm32h7xx_hal_adc.o
    0x08001704   0x08001704   0x00000002   Code   RO         3605    i.HAL_ADC_LevelOutOfWindowCallback  stm32h7xx_hal_adc.o
    0x08001706   0x08001706   0x00000002   PAD
    0x08001708   0x08001708   0x000000cc   Code   RO          251    i.HAL_ADC_MspInit   adc.o
    0x080017d4   0x080017d4   0x00000024   Code   RO         2684    i.HAL_Delay         stm32h7xx_hal.o
    0x080017f8   0x080017f8   0x0000022c   Code   RO         1670    i.HAL_GPIO_Init     stm32h7xx_hal_gpio.o
    0x08001a24   0x08001a24   0x0000000a   Code   RO         1674    i.HAL_GPIO_WritePin  stm32h7xx_hal_gpio.o
    0x08001a2e   0x08001a2e   0x00000002   PAD
    0x08001a30   0x08001a30   0x0000000c   Code   RO         2695    i.HAL_GetREVID      stm32h7xx_hal.o
    0x08001a3c   0x08001a3c   0x0000000c   Code   RO         2696    i.HAL_GetTick       stm32h7xx_hal.o
    0x08001a48   0x08001a48   0x00000010   Code   RO         2702    i.HAL_IncTick       stm32h7xx_hal.o
    0x08001a58   0x08001a58   0x0000005c   Code   RO         2703    i.HAL_Init          stm32h7xx_hal.o
    0x08001ab4   0x08001ab4   0x00000040   Code   RO         2704    i.HAL_InitTick      stm32h7xx_hal.o
    0x08001af4   0x08001af4   0x0000005c   Code   RO         2525    i.HAL_MPU_ConfigRegion  stm32h7xx_hal_cortex.o
    0x08001b50   0x08001b50   0x0000001c   Code   RO         2526    i.HAL_MPU_Disable   stm32h7xx_hal_cortex.o
    0x08001b6c   0x08001b6c   0x00000024   Code   RO         2528    i.HAL_MPU_Enable    stm32h7xx_hal_cortex.o
    0x08001b90   0x08001b90   0x0000001c   Code   RO          542    i.HAL_MspInit       stm32h7xx_hal_msp.o
    0x08001bac   0x08001bac   0x0000001a   Code   RO         2532    i.HAL_NVIC_EnableIRQ  stm32h7xx_hal_cortex.o
    0x08001bc6   0x08001bc6   0x00000002   PAD
    0x08001bc8   0x08001bc8   0x00000040   Code   RO         2538    i.HAL_NVIC_SetPriority  stm32h7xx_hal_cortex.o
    0x08001c08   0x08001c08   0x00000024   Code   RO         2539    i.HAL_NVIC_SetPriorityGrouping  stm32h7xx_hal_cortex.o
    0x08001c2c   0x08001c2c   0x00000028   Code   RO          799    i.HAL_PCDEx_ActivateLPM  stm32h7xx_hal_pcd_ex.o
    0x08001c54   0x08001c54   0x00000002   Code   RO          804    i.HAL_PCDEx_LPM_Callback  stm32h7xx_hal_pcd_ex.o
    0x08001c56   0x08001c56   0x00000008   Code   RO          805    i.HAL_PCDEx_SetRxFiFo  stm32h7xx_hal_pcd_ex.o
    0x08001c5e   0x08001c5e   0x00000046   Code   RO          806    i.HAL_PCDEx_SetTxFiFo  stm32h7xx_hal_pcd_ex.o
    0x08001ca4   0x08001ca4   0x00000008   Code   RO         6142    i.HAL_PCD_ConnectCallback  usbd_conf.o
    0x08001cac   0x08001cac   0x00000012   Code   RO         6143    i.HAL_PCD_DataInStageCallback  usbd_conf.o
    0x08001cbe   0x08001cbe   0x00000014   Code   RO         6144    i.HAL_PCD_DataOutStageCallback  usbd_conf.o
    0x08001cd2   0x08001cd2   0x00000008   Code   RO         6145    i.HAL_PCD_DisconnectCallback  usbd_conf.o
    0x08001cda   0x08001cda   0x0000001e   Code   RO          575    i.HAL_PCD_EP_Abort  stm32h7xx_hal_pcd.o
    0x08001cf8   0x08001cf8   0x0000004a   Code   RO          576    i.HAL_PCD_EP_Close  stm32h7xx_hal_pcd.o
    0x08001d42   0x08001d42   0x0000005a   Code   RO          577    i.HAL_PCD_EP_ClrStall  stm32h7xx_hal_pcd.o
    0x08001d9c   0x08001d9c   0x00000012   Code   RO          579    i.HAL_PCD_EP_GetRxCount  stm32h7xx_hal_pcd.o
    0x08001dae   0x08001dae   0x00000062   Code   RO          580    i.HAL_PCD_EP_Open   stm32h7xx_hal_pcd.o
    0x08001e10   0x08001e10   0x00000034   Code   RO          581    i.HAL_PCD_EP_Receive  stm32h7xx_hal_pcd.o
    0x08001e44   0x08001e44   0x00000072   Code   RO          582    i.HAL_PCD_EP_SetStall  stm32h7xx_hal_pcd.o
    0x08001eb6   0x08001eb6   0x00000034   Code   RO          583    i.HAL_PCD_EP_Transmit  stm32h7xx_hal_pcd.o
    0x08001eea   0x08001eea   0x00000002   PAD
    0x08001eec   0x08001eec   0x00000594   Code   RO          585    i.HAL_PCD_IRQHandler  stm32h7xx_hal_pcd.o
    0x08002480   0x08002480   0x00000008   Code   RO         6146    i.HAL_PCD_ISOINIncompleteCallback  usbd_conf.o
    0x08002488   0x08002488   0x00000008   Code   RO         6147    i.HAL_PCD_ISOOUTIncompleteCallback  usbd_conf.o
    0x08002490   0x08002490   0x000000cc   Code   RO          588    i.HAL_PCD_Init      stm32h7xx_hal_pcd.o
    0x0800255c   0x0800255c   0x000000a4   Code   RO         6149    i.HAL_PCD_MspInit   usbd_conf.o
    0x08002600   0x08002600   0x0000002e   Code   RO         6150    i.HAL_PCD_ResetCallback  usbd_conf.o
    0x0800262e   0x0800262e   0x00000008   Code   RO         6151    i.HAL_PCD_ResumeCallback  usbd_conf.o
    0x08002636   0x08002636   0x00000008   Code   RO         6152    i.HAL_PCD_SOFCallback  usbd_conf.o
    0x0800263e   0x0800263e   0x00000026   Code   RO          594    i.HAL_PCD_SetAddress  stm32h7xx_hal_pcd.o
    0x08002664   0x08002664   0x0000000e   Code   RO         6153    i.HAL_PCD_SetupStageCallback  usbd_conf.o
    0x08002672   0x08002672   0x00000042   Code   RO          597    i.HAL_PCD_Start     stm32h7xx_hal_pcd.o
    0x080026b4   0x080026b4   0x00000030   Code   RO         6154    i.HAL_PCD_SuspendCallback  usbd_conf.o
    0x080026e4   0x080026e4   0x00000054   Code   RO         2271    i.HAL_PWREx_ConfigSupply  stm32h7xx_hal_pwr_ex.o
    0x08002738   0x08002738   0x00000010   Code   RO         2288    i.HAL_PWREx_EnableUSBVoltageDetector  stm32h7xx_hal_pwr_ex.o
    0x08002748   0x08002748   0x00000024   Code   RO         1291    i.HAL_RCCEx_GetD3PCLK1Freq  stm32h7xx_hal_rcc_ex.o
    0x0800276c   0x0800276c   0x00000148   Code   RO         1292    i.HAL_RCCEx_GetPLL1ClockFreq  stm32h7xx_hal_rcc_ex.o
    0x080028b4   0x080028b4   0x00000144   Code   RO         1293    i.HAL_RCCEx_GetPLL2ClockFreq  stm32h7xx_hal_rcc_ex.o
    0x080029f8   0x080029f8   0x00000144   Code   RO         1294    i.HAL_RCCEx_GetPLL3ClockFreq  stm32h7xx_hal_rcc_ex.o
    0x08002b3c   0x08002b3c   0x000002c8   Code   RO         1296    i.HAL_RCCEx_GetPeriphCLKFreq  stm32h7xx_hal_rcc_ex.o
    0x08002e04   0x08002e04   0x000009ac   Code   RO         1300    i.HAL_RCCEx_PeriphCLKConfig  stm32h7xx_hal_rcc_ex.o
    0x080037b0   0x080037b0   0x0000025c   Code   RO         1176    i.HAL_RCC_ClockConfig  stm32h7xx_hal_rcc.o
    0x08003a0c   0x08003a0c   0x00000044   Code   RO         1181    i.HAL_RCC_GetHCLKFreq  stm32h7xx_hal_rcc.o
    0x08003a50   0x08003a50   0x00000024   Code   RO         1183    i.HAL_RCC_GetPCLK1Freq  stm32h7xx_hal_rcc.o
    0x08003a74   0x08003a74   0x00000024   Code   RO         1184    i.HAL_RCC_GetPCLK2Freq  stm32h7xx_hal_rcc.o
    0x08003a98   0x08003a98   0x00000138   Code   RO         1185    i.HAL_RCC_GetSysClockFreq  stm32h7xx_hal_rcc.o
    0x08003bd0   0x08003bd0   0x00000582   Code   RO         1188    i.HAL_RCC_OscConfig  stm32h7xx_hal_rcc.o
    0x08004152   0x08004152   0x00000002   PAD
    0x08004154   0x08004154   0x0000017c   Code   RO         4039    i.HAL_SPI_Init      stm32h7xx_hal_spi.o
    0x080042d0   0x080042d0   0x00000168   Code   RO          293    i.HAL_SPI_MspInit   spi.o
    0x08004438   0x08004438   0x00000026   Code   RO         2543    i.HAL_SYSTICK_Config  stm32h7xx_hal_cortex.o
    0x0800445e   0x0800445e   0x00000002   Code   RO         5073    i.HAL_TIMEx_Break2Callback  stm32h7xx_hal_tim_ex.o
    0x08004460   0x08004460   0x00000002   Code   RO         5074    i.HAL_TIMEx_BreakCallback  stm32h7xx_hal_tim_ex.o
    0x08004462   0x08004462   0x00000002   Code   RO         5075    i.HAL_TIMEx_CommutCallback  stm32h7xx_hal_tim_ex.o
    0x08004464   0x08004464   0x000000a0   Code   RO         5077    i.HAL_TIMEx_ConfigBreakDeadTime  stm32h7xx_hal_tim_ex.o
    0x08004504   0x08004504   0x000000a4   Code   RO         5095    i.HAL_TIMEx_MasterConfigSynchronization  stm32h7xx_hal_tim_ex.o
    0x080045a8   0x080045a8   0x00000062   Code   RO         4359    i.HAL_TIM_Base_Init  stm32h7xx_hal_tim.o
    0x0800460a   0x0800460a   0x00000002   PAD
    0x0800460c   0x0800460c   0x00000068   Code   RO          347    i.HAL_TIM_Base_MspInit  tim.o
    0x08004674   0x08004674   0x000000fc   Code   RO         4368    i.HAL_TIM_ConfigClockSource  stm32h7xx_hal_tim.o
    0x08004770   0x08004770   0x00000002   Code   RO         4393    i.HAL_TIM_IC_CaptureCallback  stm32h7xx_hal_tim.o
    0x08004772   0x08004772   0x00000148   Code   RO         4407    i.HAL_TIM_IRQHandler  stm32h7xx_hal_tim.o
    0x080048ba   0x080048ba   0x00000002   PAD
    0x080048bc   0x080048bc   0x0000007c   Code   RO          348    i.HAL_TIM_MspPostInit  tim.o
    0x08004938   0x08004938   0x00000002   Code   RO         4410    i.HAL_TIM_OC_DelayElapsedCallback  stm32h7xx_hal_tim.o
    0x0800493a   0x0800493a   0x00000124   Code   RO         4431    i.HAL_TIM_PWM_ConfigChannel  stm32h7xx_hal_tim.o
    0x08004a5e   0x08004a5e   0x00000062   Code   RO         4434    i.HAL_TIM_PWM_Init  stm32h7xx_hal_tim.o
    0x08004ac0   0x08004ac0   0x00000002   Code   RO         4436    i.HAL_TIM_PWM_MspInit  stm32h7xx_hal_tim.o
    0x08004ac2   0x08004ac2   0x00000002   Code   RO         4437    i.HAL_TIM_PWM_PulseFinishedCallback  stm32h7xx_hal_tim.o
    0x08004ac4   0x08004ac4   0x00000002   Code   RO         4445    i.HAL_TIM_PeriodElapsedCallback  stm32h7xx_hal_tim.o
    0x08004ac6   0x08004ac6   0x00000002   Code   RO         4450    i.HAL_TIM_TriggerCallback  stm32h7xx_hal_tim.o
    0x08004ac8   0x08004ac8   0x00000040   Code   RO         5784    i.HAL_UARTEx_DisableFifoMode  stm32h7xx_hal_uart_ex.o
    0x08004b08   0x08004b08   0x0000004c   Code   RO         5793    i.HAL_UARTEx_SetRxFifoThreshold  stm32h7xx_hal_uart_ex.o
    0x08004b54   0x08004b54   0x0000004c   Code   RO         5794    i.HAL_UARTEx_SetTxFifoThreshold  stm32h7xx_hal_uart_ex.o
    0x08004ba0   0x08004ba0   0x0000006a   Code   RO         5393    i.HAL_UART_Init     stm32h7xx_hal_uart.o
    0x08004c0a   0x08004c0a   0x00000002   PAD
    0x08004c0c   0x08004c0c   0x00000088   Code   RO          401    i.HAL_UART_MspInit  usart.o
    0x08004c94   0x08004c94   0x00000002   Code   RO          445    i.HardFault_Handler  stm32h7xx_it.o
    0x08004c96   0x08004c96   0x0000003e   Code   RO         5994    i.IntToUnicode      usbd_desc.o
    0x08004cd4   0x08004cd4   0x0000000c   Code   RO         3832    i.LL_ADC_GetOffsetChannel  stm32h7xx_hal_adc_ex.o
    0x08004ce0   0x08004ce0   0x00000008   Code   RO         3616    i.LL_ADC_INJ_IsConversionOngoing  stm32h7xx_hal_adc.o
    0x08004ce8   0x08004ce8   0x00000008   Code   RO         3833    i.LL_ADC_INJ_IsConversionOngoing  stm32h7xx_hal_adc_ex.o
    0x08004cf0   0x08004cf0   0x00000008   Code   RO         3617    i.LL_ADC_REG_IsConversionOngoing  stm32h7xx_hal_adc.o
    0x08004cf8   0x08004cf8   0x00000008   Code   RO         3834    i.LL_ADC_REG_IsConversionOngoing  stm32h7xx_hal_adc_ex.o
    0x08004d00   0x08004d00   0x00000010   Code   RO         3618    i.LL_ADC_REG_IsTriggerSourceSWStart  stm32h7xx_hal_adc.o
    0x08004d10   0x08004d10   0x00000016   Code   RO         3836    i.LL_ADC_SetOffset  stm32h7xx_hal_adc_ex.o
    0x08004d26   0x08004d26   0x00000002   PAD
    0x08004d28   0x08004d28   0x0000010c   Code   RO          252    i.MX_ADC1_Init      adc.o
    0x08004e34   0x08004e34   0x00000130   Code   RO          226    i.MX_GPIO_Init      gpio.o
    0x08004f64   0x08004f64   0x00000060   Code   RO          294    i.MX_SPI2_Init      spi.o
    0x08004fc4   0x08004fc4   0x00000064   Code   RO          295    i.MX_SPI3_Init      spi.o
    0x08005028   0x08005028   0x00000060   Code   RO          296    i.MX_SPI4_Init      spi.o
    0x08005088   0x08005088   0x00000048   Code   RO          349    i.MX_TIM6_Init      tim.o
    0x080050d0   0x080050d0   0x00000108   Code   RO          350    i.MX_TIM8_Init      tim.o
    0x080051d8   0x080051d8   0x00000068   Code   RO          402    i.MX_USART1_UART_Init  usart.o
    0x08005240   0x08005240   0x00000054   Code   RO         5945    i.MX_USB_DEVICE_Init  usb_device.o
    0x08005294   0x08005294   0x00000002   Code   RO          446    i.MemManage_Handler  stm32h7xx_it.o
    0x08005296   0x08005296   0x00000002   Code   RO          447    i.NMI_Handler       stm32h7xx_it.o
    0x08005298   0x08005298   0x0000000c   Code   RO          448    i.OTG_FS_IRQHandler  stm32h7xx_it.o
    0x080052a4   0x080052a4   0x000000cc   Code   RO          600    i.PCD_EP_OutXfrComplete_int  stm32h7xx_hal_pcd.o
    0x08005370   0x08005370   0x000000a2   Code   RO          601    i.PCD_WriteEmptyTxFifo  stm32h7xx_hal_pcd.o
    0x08005412   0x08005412   0x00000002   Code   RO          449    i.PendSV_Handler    stm32h7xx_it.o
    0x08005414   0x08005414   0x00000120   Code   RO         1303    i.RCCEx_PLL2_Config  stm32h7xx_hal_rcc_ex.o
    0x08005534   0x08005534   0x00000120   Code   RO         1304    i.RCCEx_PLL3_Config  stm32h7xx_hal_rcc_ex.o
    0x08005654   0x08005654   0x00000002   Code   RO          450    i.SVC_Handler       stm32h7xx_it.o
    0x08005656   0x08005656   0x00000004   Code   RO          451    i.SysTick_Handler   stm32h7xx_it.o
    0x0800565a   0x0800565a   0x00000002   PAD
    0x0800565c   0x0800565c   0x000000ac   Code   RO           14    i.SystemClock_Config  main.o
    0x08005708   0x08005708   0x000000f8   Code   RO         5904    i.SystemInit        system_stm32h7xx.o
    0x08005800   0x08005800   0x0000000c   Code   RO          452    i.TIM6_DAC_IRQHandler  stm32h7xx_it.o
    0x0800580c   0x0800580c   0x0000000c   Code   RO          453    i.TIM8_UP_TIM13_IRQHandler  stm32h7xx_it.o
    0x08005818   0x08005818   0x000000cc   Code   RO         4452    i.TIM_Base_SetConfig  stm32h7xx_hal_tim.o
    0x080058e4   0x080058e4   0x00000012   Code   RO         4463    i.TIM_ETR_SetConfig  stm32h7xx_hal_tim.o
    0x080058f6   0x080058f6   0x00000002   PAD
    0x080058f8   0x080058f8   0x00000014   Code   RO         4464    i.TIM_ITRx_SetConfig  stm32h7xx_hal_tim.o
    0x0800590c   0x0800590c   0x000000a4   Code   RO         4465    i.TIM_OC1_SetConfig  stm32h7xx_hal_tim.o
    0x080059b0   0x080059b0   0x00000098   Code   RO         4466    i.TIM_OC2_SetConfig  stm32h7xx_hal_tim.o
    0x08005a48   0x08005a48   0x00000098   Code   RO         4467    i.TIM_OC3_SetConfig  stm32h7xx_hal_tim.o
    0x08005ae0   0x08005ae0   0x00000078   Code   RO         4468    i.TIM_OC4_SetConfig  stm32h7xx_hal_tim.o
    0x08005b58   0x08005b58   0x00000074   Code   RO         4469    i.TIM_OC5_SetConfig  stm32h7xx_hal_tim.o
    0x08005bcc   0x08005bcc   0x00000074   Code   RO         4470    i.TIM_OC6_SetConfig  stm32h7xx_hal_tim.o
    0x08005c40   0x08005c40   0x00000022   Code   RO         4472    i.TIM_TI1_ConfigInputStage  stm32h7xx_hal_tim.o
    0x08005c62   0x08005c62   0x00000024   Code   RO         4474    i.TIM_TI2_ConfigInputStage  stm32h7xx_hal_tim.o
    0x08005c86   0x08005c86   0x00000002   PAD
    0x08005c88   0x08005c88   0x00000044   Code   RO         5798    i.UARTEx_SetNbDataToProcess  stm32h7xx_hal_uart_ex.o
    0x08005ccc   0x08005ccc   0x000000c8   Code   RO         5407    i.UART_AdvFeatureConfig  stm32h7xx_hal_uart.o
    0x08005d94   0x08005d94   0x000000aa   Code   RO         5408    i.UART_CheckIdleState  stm32h7xx_hal_uart.o
    0x08005e3e   0x08005e3e   0x00000002   PAD
    0x08005e40   0x08005e40   0x00000054   Code   RO         5419    i.UART_EndRxTransfer  stm32h7xx_hal_uart.o
    0x08005e94   0x08005e94   0x000003ac   Code   RO         5425    i.UART_SetConfig    stm32h7xx_hal_uart.o
    0x08006240   0x08006240   0x00000094   Code   RO         5432    i.UART_WaitOnFlagUntilTimeout  stm32h7xx_hal_uart.o
    0x080062d4   0x080062d4   0x00000078   Code   RO         6669    i.USBD_CDC_DataIn   usbd_cdc.o
    0x0800634c   0x0800634c   0x0000003e   Code   RO         6670    i.USBD_CDC_DataOut  usbd_cdc.o
    0x0800638a   0x0800638a   0x00000002   PAD
    0x0800638c   0x0800638c   0x00000094   Code   RO         6671    i.USBD_CDC_DeInit   usbd_cdc.o
    0x08006420   0x08006420   0x00000038   Code   RO         6672    i.USBD_CDC_EP0_RxReady  usbd_cdc.o
    0x08006458   0x08006458   0x0000000c   Code   RO         6673    i.USBD_CDC_GetDeviceQualifierDescriptor  usbd_cdc.o
    0x08006464   0x08006464   0x0000003c   Code   RO         6674    i.USBD_CDC_GetFSCfgDesc  usbd_cdc.o
    0x080064a0   0x080064a0   0x00000040   Code   RO         6675    i.USBD_CDC_GetHSCfgDesc  usbd_cdc.o
    0x080064e0   0x080064e0   0x0000003c   Code   RO         6676    i.USBD_CDC_GetOtherSpeedCfgDesc  usbd_cdc.o
    0x0800651c   0x0800651c   0x00000160   Code   RO         6677    i.USBD_CDC_Init     usbd_cdc.o
    0x0800667c   0x0800667c   0x00000048   Code   RO         6678    i.USBD_CDC_ReceivePacket  usbd_cdc.o
    0x080066c4   0x080066c4   0x00000018   Code   RO         6679    i.USBD_CDC_RegisterInterface  usbd_cdc.o
    0x080066dc   0x080066dc   0x0000001c   Code   RO         6680    i.USBD_CDC_SetRxBuffer  usbd_cdc.o
    0x080066f8   0x080066f8   0x00000020   Code   RO         6681    i.USBD_CDC_SetTxBuffer  usbd_cdc.o
    0x08006718   0x08006718   0x00000110   Code   RO         6682    i.USBD_CDC_Setup    usbd_cdc.o
    0x08006828   0x08006828   0x00000014   Code   RO         6349    i.USBD_ClrClassConfig  usbd_core.o
    0x0800683c   0x0800683c   0x00000026   Code   RO         6511    i.USBD_ClrFeature   usbd_ctlreq.o
    0x08006862   0x08006862   0x00000004   Code   RO         6350    i.USBD_CoreFindEP   usbd_core.o
    0x08006866   0x08006866   0x00000004   Code   RO         6351    i.USBD_CoreFindIF   usbd_core.o
    0x0800686a   0x0800686a   0x00000010   Code   RO         6609    i.USBD_CtlContinueRx  usbd_ioreq.o
    0x0800687a   0x0800687a   0x00000010   Code   RO         6610    i.USBD_CtlContinueSendData  usbd_ioreq.o
    0x0800688a   0x0800688a   0x00000018   Code   RO         6512    i.USBD_CtlError     usbd_ctlreq.o
    0x080068a2   0x080068a2   0x0000001e   Code   RO         6611    i.USBD_CtlPrepareRx  usbd_ioreq.o
    0x080068c0   0x080068c0   0x00000016   Code   RO         6612    i.USBD_CtlReceiveStatus  usbd_ioreq.o
    0x080068d6   0x080068d6   0x0000001a   Code   RO         6613    i.USBD_CtlSendData  usbd_ioreq.o
    0x080068f0   0x080068f0   0x00000016   Code   RO         6614    i.USBD_CtlSendStatus  usbd_ioreq.o
    0x08006906   0x08006906   0x00000002   PAD
    0x08006908   0x08006908   0x00000030   Code   RO         5995    i.USBD_FS_ConfigStrDescriptor  usbd_desc.o
    0x08006938   0x08006938   0x0000000c   Code   RO         5996    i.USBD_FS_DeviceDescriptor  usbd_desc.o
    0x08006944   0x08006944   0x00000034   Code   RO         5997    i.USBD_FS_InterfaceStrDescriptor  usbd_desc.o
    0x08006978   0x08006978   0x0000000c   Code   RO         5998    i.USBD_FS_LangIDStrDescriptor  usbd_desc.o
    0x08006984   0x08006984   0x00000028   Code   RO         5999    i.USBD_FS_ManufacturerStrDescriptor  usbd_desc.o
    0x080069ac   0x080069ac   0x0000003c   Code   RO         6000    i.USBD_FS_ProductStrDescriptor  usbd_desc.o
    0x080069e8   0x080069e8   0x00000014   Code   RO         6001    i.USBD_FS_SerialStrDescriptor  usbd_desc.o
    0x080069fc   0x080069fc   0x00000034   Code   RO         6513    i.USBD_GetConfig    usbd_ctlreq.o
    0x08006a30   0x08006a30   0x000001e8   Code   RO         6514    i.USBD_GetDescriptor  usbd_ctlreq.o
    0x08006c18   0x08006c18   0x0000003c   Code   RO         6353    i.USBD_GetEpDesc    usbd_core.o
    0x08006c54   0x08006c54   0x00000018   Code   RO         6515    i.USBD_GetLen       usbd_ctlreq.o
    0x08006c6c   0x08006c6c   0x0000000e   Code   RO         6354    i.USBD_GetNextDesc  usbd_core.o
    0x08006c7a   0x08006c7a   0x00000036   Code   RO         6516    i.USBD_GetStatus    usbd_ctlreq.o
    0x08006cb0   0x08006cb0   0x00000058   Code   RO         6517    i.USBD_GetString    usbd_ctlreq.o
    0x08006d08   0x08006d08   0x00000024   Code   RO         6155    i.USBD_Get_USB_Status  usbd_conf.o
    0x08006d2c   0x08006d2c   0x00000028   Code   RO         6355    i.USBD_Init         usbd_core.o
    0x08006d54   0x08006d54   0x00000012   Code   RO         6156    i.USBD_LL_ClearStallEP  usbd_conf.o
    0x08006d66   0x08006d66   0x00000012   Code   RO         6157    i.USBD_LL_CloseEP   usbd_conf.o
    0x08006d78   0x08006d78   0x000000dc   Code   RO         6356    i.USBD_LL_DataInStage  usbd_core.o
    0x08006e54   0x08006e54   0x000000d0   Code   RO         6357    i.USBD_LL_DataOutStage  usbd_core.o
    0x08006f24   0x08006f24   0x00000004   Code   RO         6358    i.USBD_LL_DevConnected  usbd_core.o
    0x08006f28   0x08006f28   0x00000020   Code   RO         6359    i.USBD_LL_DevDisconnected  usbd_core.o
    0x08006f48   0x08006f48   0x00000008   Code   RO         6161    i.USBD_LL_GetRxDataSize  usbd_conf.o
    0x08006f50   0x08006f50   0x00000064   Code   RO         6162    i.USBD_LL_Init      usbd_conf.o
    0x08006fb4   0x08006fb4   0x00000020   Code   RO         6163    i.USBD_LL_IsStallEP  usbd_conf.o
    0x08006fd4   0x08006fd4   0x0000002a   Code   RO         6360    i.USBD_LL_IsoINIncomplete  usbd_core.o
    0x08006ffe   0x08006ffe   0x0000002a   Code   RO         6361    i.USBD_LL_IsoOUTIncomplete  usbd_core.o
    0x08007028   0x08007028   0x00000018   Code   RO         6164    i.USBD_LL_OpenEP    usbd_conf.o
    0x08007040   0x08007040   0x00000012   Code   RO         6165    i.USBD_LL_PrepareReceive  usbd_conf.o
    0x08007052   0x08007052   0x00000060   Code   RO         6362    i.USBD_LL_Reset     usbd_core.o
    0x080070b2   0x080070b2   0x00000014   Code   RO         6363    i.USBD_LL_Resume    usbd_core.o
    0x080070c6   0x080070c6   0x0000001a   Code   RO         6364    i.USBD_LL_SOF       usbd_core.o
    0x080070e0   0x080070e0   0x00000006   Code   RO         6365    i.USBD_LL_SetSpeed  usbd_core.o
    0x080070e6   0x080070e6   0x00000012   Code   RO         6166    i.USBD_LL_SetUSBAddress  usbd_conf.o
    0x080070f8   0x080070f8   0x00000064   Code   RO         6366    i.USBD_LL_SetupStage  usbd_core.o
    0x0800715c   0x0800715c   0x00000012   Code   RO         6167    i.USBD_LL_StallEP   usbd_conf.o
    0x0800716e   0x0800716e   0x00000012   Code   RO         6168    i.USBD_LL_Start     usbd_conf.o
    0x08007180   0x08007180   0x0000001a   Code   RO         6367    i.USBD_LL_Suspend   usbd_core.o
    0x0800719a   0x0800719a   0x00000012   Code   RO         6170    i.USBD_LL_Transmit  usbd_conf.o
    0x080071ac   0x080071ac   0x00000032   Code   RO         6518    i.USBD_ParseSetupRequest  usbd_ctlreq.o
    0x080071de   0x080071de   0x0000003a   Code   RO         6368    i.USBD_RegisterClass  usbd_core.o
    0x08007218   0x08007218   0x00000004   Code   RO         6369    i.USBD_RunTestMode  usbd_core.o
    0x0800721c   0x0800721c   0x00000058   Code   RO         6519    i.USBD_SetAddress   usbd_ctlreq.o
    0x08007274   0x08007274   0x00000014   Code   RO         6370    i.USBD_SetClassConfig  usbd_core.o
    0x08007288   0x08007288   0x000000dc   Code   RO         6520    i.USBD_SetConfig    usbd_ctlreq.o
    0x08007364   0x08007364   0x00000024   Code   RO         6521    i.USBD_SetFeature   usbd_ctlreq.o
    0x08007388   0x08007388   0x00000004   Code   RO         6371    i.USBD_Start        usbd_core.o
    0x0800738c   0x0800738c   0x00000076   Code   RO         6522    i.USBD_StdDevReq    usbd_ctlreq.o
    0x08007402   0x08007402   0x0000022e   Code   RO         6523    i.USBD_StdEPReq     usbd_ctlreq.o
    0x08007630   0x08007630   0x0000008e   Code   RO         6524    i.USBD_StdItfReq    usbd_ctlreq.o
    0x080076be   0x080076be   0x00000002   Code   RO         6171    i.USBD_static_free  usbd_conf.o
    0x080076c0   0x080076c0   0x00000008   Code   RO         6172    i.USBD_static_malloc  usbd_conf.o
    0x080076c8   0x080076c8   0x00000080   Code   RO          871    i.USB_ActivateEndpoint  stm32h7xx_ll_usb.o
    0x08007748   0x08007748   0x0000001c   Code   RO          873    i.USB_ActivateSetup  stm32h7xx_ll_usb.o
    0x08007764   0x08007764   0x00000098   Code   RO          875    i.USB_CoreInit      stm32h7xx_ll_usb.o
    0x080077fc   0x080077fc   0x0000003c   Code   RO          876    i.USB_CoreReset     stm32h7xx_ll_usb.o
    0x08007838   0x08007838   0x000000cc   Code   RO          879    i.USB_DeactivateEndpoint  stm32h7xx_ll_usb.o
    0x08007904   0x08007904   0x0000001c   Code   RO          880    i.USB_DevConnect    stm32h7xx_ll_usb.o
    0x08007920   0x08007920   0x0000001c   Code   RO          881    i.USB_DevDisconnect  stm32h7xx_ll_usb.o
    0x0800793c   0x0800793c   0x0000016c   Code   RO          882    i.USB_DevInit       stm32h7xx_ll_usb.o
    0x08007aa8   0x08007aa8   0x0000000c   Code   RO          883    i.USB_DisableGlobalInt  stm32h7xx_ll_usb.o
    0x08007ab4   0x08007ab4   0x00000058   Code   RO          886    i.USB_EP0_OutStart  stm32h7xx_ll_usb.o
    0x08007b0c   0x08007b0c   0x00000058   Code   RO          887    i.USB_EPClearStall  stm32h7xx_ll_usb.o
    0x08007b64   0x08007b64   0x00000058   Code   RO          888    i.USB_EPSetStall    stm32h7xx_ll_usb.o
    0x08007bbc   0x08007bbc   0x00000240   Code   RO          889    i.USB_EPStartXfer   stm32h7xx_ll_usb.o
    0x08007dfc   0x08007dfc   0x0000009e   Code   RO          890    i.USB_EPStopXfer    stm32h7xx_ll_usb.o
    0x08007e9a   0x08007e9a   0x0000000c   Code   RO          891    i.USB_EnableGlobalInt  stm32h7xx_ll_usb.o
    0x08007ea6   0x08007ea6   0x00000038   Code   RO          892    i.USB_FlushRxFifo   stm32h7xx_ll_usb.o
    0x08007ede   0x08007ede   0x0000003c   Code   RO          893    i.USB_FlushTxFifo   stm32h7xx_ll_usb.o
    0x08007f1a   0x08007f1a   0x0000001a   Code   RO          895    i.USB_GetDevSpeed   stm32h7xx_ll_usb.o
    0x08007f34   0x08007f34   0x00000008   Code   RO          897    i.USB_GetMode       stm32h7xx_ll_usb.o
    0x08007f3c   0x08007f3c   0x0000000e   Code   RO          905    i.USB_ReadDevAllInEpInterrupt  stm32h7xx_ll_usb.o
    0x08007f4a   0x08007f4a   0x0000000e   Code   RO          906    i.USB_ReadDevAllOutEpInterrupt  stm32h7xx_ll_usb.o
    0x08007f58   0x08007f58   0x00000024   Code   RO          907    i.USB_ReadDevInEPInterrupt  stm32h7xx_ll_usb.o
    0x08007f7c   0x08007f7c   0x00000010   Code   RO          908    i.USB_ReadDevOutEPInterrupt  stm32h7xx_ll_usb.o
    0x08007f8c   0x08007f8c   0x00000008   Code   RO          909    i.USB_ReadInterrupts  stm32h7xx_ll_usb.o
    0x08007f94   0x08007f94   0x00000040   Code   RO          910    i.USB_ReadPacket    stm32h7xx_ll_usb.o
    0x08007fd4   0x08007fd4   0x0000005e   Code   RO          912    i.USB_SetCurrentMode  stm32h7xx_ll_usb.o
    0x08008032   0x08008032   0x00000022   Code   RO          913    i.USB_SetDevAddress  stm32h7xx_ll_usb.o
    0x08008054   0x08008054   0x000000e8   Code   RO          915    i.USB_SetTurnaroundTime  stm32h7xx_ll_usb.o
    0x0800813c   0x0800813c   0x00000028   Code   RO          918    i.USB_WritePacket   stm32h7xx_ll_usb.o
    0x08008164   0x08008164   0x00000002   Code   RO          454    i.UsageFault_Handler  stm32h7xx_it.o
    0x08008166   0x08008166   0x00000022   Code   RO         2545    i.__NVIC_SetPriority  stm32h7xx_hal_cortex.o
    0x08008188   0x08008188   0x0000007a   Code   RO           15    i.main              main.o
    0x08008202   0x08008202   0x0000000a   Code   RO         6889    x$fpl$fpinit        fz_wv.l(fpinit.o)
    0x0800820c   0x0800820c   0x00000018   Data   RO         5433    .constdata          stm32h7xx_hal_uart.o
    0x08008224   0x08008224   0x00000010   Data   RO         5799    .constdata          stm32h7xx_hal_uart_ex.o
    0x08008234   0x08008234   0x00000010   Data   RO         5905    .constdata          system_stm32h7xx.o
    0x08008244   0x08008244   0x00000020   Data   RO         6945    Region$$Table       anon$$obj.o


    Execution Region RW_IRAM1 (Exec base: 0x20000000, Load base: 0x08008264, Size: 0x00000000, Max: 0x00020000, ABSOLUTE)

    **** No section assigned to this execution region ****


    Execution Region RW_IRAM2 (Exec base: 0x24000000, Load base: 0x08008264, Size: 0x00002678, Max: 0x00080000, ABSOLUTE)

    Exec Addr    Load Addr    Size         Type   Attr      Idx    E Section Name        Object

    0x24000000   0x08008264   0x0000000c   Data   RW         2725    .data               stm32h7xx_hal.o
    0x2400000c   0x08008270   0x00000008   Data   RW         5906    .data               system_stm32h7xx.o
    0x24000014   0x08008278   0x00000020   Data   RW         6003    .data               usbd_desc.o
    0x24000034   0x08008298   0x00000032   Data   RW         6004    .data               usbd_desc.o
    0x24000066   0x080082ca   0x00000002   PAD
    0x24000068   0x080082cc   0x00000014   Data   RW         6092    .data               usbd_cdc_if.o
    0x2400007c   0x080082e0   0x00000001   Data   RW         6525    .data               usbd_ctlreq.o
    0x2400007d   0x080082e1   0x00000003   PAD
    0x24000080   0x080082e4   0x00000053   Data   RW         6684    .data               usbd_cdc.o
    0x240000d3   0x08008337   0x00000001   PAD
    0x240000d4   0x08008338   0x00000038   Data   RW         6685    .data               usbd_cdc.o
    0x2400010c        -       0x00000064   Zero   RW          253    .bss                adc.o
    0x24000170        -       0x00000198   Zero   RW          297    .bss                spi.o
    0x24000308        -       0x00000098   Zero   RW          351    .bss                tim.o
    0x240003a0        -       0x00000094   Zero   RW          403    .bss                usart.o
    0x24000434        -       0x000002dc   Zero   RW         5946    .bss                usb_device.o
    0x24000710        -       0x00000200   Zero   RW         6002    .bss                usbd_desc.o
    0x24000910        -       0x00001000   Zero   RW         6091    .bss                usbd_cdc_if.o
    0x24001910        -       0x00000704   Zero   RW         6173    .bss                usbd_conf.o
    0x24002014        -       0x00000060   Zero   RW         6819    .bss                c_w.l(libspace.o)
    0x24002074   0x08008370   0x00000004   PAD
    0x24002078        -       0x00000200   Zero   RW            2    HEAP                startup_stm32h743xx.o
    0x24002278        -       0x00000400   Zero   RW            1    STACK               startup_stm32h743xx.o


==============================================================================

Image component sizes


      Code (inc. data)   RO Data    RW Data    ZI Data      Debug   Object Name

       472         36          0          0        100       2025   adc.o
       304         22          0          0          0       1103   gpio.o
       298         10          0          0          0    1363040   main.o
       652         60          0          0        408       3279   spi.o
        72         30        664          0       1536        840   startup_stm32h743xx.o
       232         44          0         12          0      23936   stm32h7xx_hal.o
      2566        220          0          0          0      72971   stm32h7xx_hal_adc.o
      1888        158          0          0          0      72983   stm32h7xx_hal_adc_ex.o
       354         28          0          0          0      42665   stm32h7xx_hal_cortex.o
       566         50          0          0          0       2448   stm32h7xx_hal_gpio.o
        28          6          0          0          0        798   stm32h7xx_hal_msp.o
      2630         16          0          0          0      14700   stm32h7xx_hal_pcd.o
       120          6          0          0          0       3551   stm32h7xx_hal_pcd_ex.o
       100         10          0          0          0       1482   stm32h7xx_hal_pwr_ex.o
      2466        102          0          0          0       7564   stm32h7xx_hal_rcc.o
      4776        174          0          0          0      11091   stm32h7xx_hal_rcc_ex.o
       380         14          0          0          0       1767   stm32h7xx_hal_spi.o
      2212        202          0          0          0      18610   stm32h7xx_hal_tim.o
       330         40          0          0          0       4472   stm32h7xx_hal_tim_ex.o
      1648        112         24          0          0      26090   stm32h7xx_hal_uart.o
       284          6         16          0          0       4073   stm32h7xx_hal_uart_ex.o
        68         24          0          0          0       5944   stm32h7xx_it.o
      2716        116          0          0          0      25236   stm32h7xx_ll_usb.o
       276         48         16          8          0       1913   system_stm32h7xx.o
       564         50          0          0        152       3197   tim.o
       240         24          0          0        148       1782   usart.o
        84         18          0          0        732       2711   usb_device.o
      1362         36          0        139          0      15055   usbd_cdc.o
        76         16          0         20       4096       3346   usbd_cdc_if.o
       694         28          0          0       1796      16924   usbd_conf.o
      1050          0          0          0          0      17893   usbd_core.o
      1980         20          0          1          0      19184   usbd_ctlreq.o
       362        110          0         82        512       7005   usbd_desc.o
       132          0          0          0          0       5008   usbd_ioreq.o

    ----------------------------------------------------------------------
     32018       1836        752        268       9480    1804686   Object Totals
         0          0         32          0          0          0   (incl. Generated)
        36          0          0          6          0          0   (incl. Padding)

    ----------------------------------------------------------------------

      Code (inc. data)   RO Data    RW Data    ZI Data      Debug   Library Member Name

         8          0          0          0          0         68   __main.o
         0          0          0          0          0          0   __rtentry.o
        12          0          0          0          0          0   __rtentry2.o
         6          0          0          0          0          0   __rtentry4.o
        52          8          0          0          0          0   __scatter.o
        26          0          0          0          0          0   __scatter_copy.o
        28          0          0          0          0          0   __scatter_zi.o
        18          0          0          0          0         80   exit.o
         6          0          0          0          0        152   heapauxi.o
         0          0          0          0          0          0   indicate_semi.o
         2          0          0          0          0          0   libinit.o
         6          0          0          0          0          0   libinit2.o
         2          0          0          0          0          0   libshutdown.o
         2          0          0          0          0          0   libshutdown2.o
         8          4          0          0         96         68   libspace.o
       238          0          0          0          0        100   lludivv7m.o
        78          0          0          0          0         80   rt_memclr_w.o
         2          0          0          0          0          0   rtexit.o
        10          0          0          0          0          0   rtexit2.o
        12          4          0          0          0         68   sys_exit.o
        74          0          0          0          0         80   sys_stackheap_outer.o
         2          0          0          0          0         68   use_no_semi.o
        10          0          0          0          0        116   fpinit.o

    ----------------------------------------------------------------------
       610         16          0          0        100        880   Library Totals
         8          0          0          0          4          0   (incl. Padding)

    ----------------------------------------------------------------------

      Code (inc. data)   RO Data    RW Data    ZI Data      Debug   Library Name

       592         16          0          0         96        764   c_w.l
        10          0          0          0          0        116   fz_wv.l

    ----------------------------------------------------------------------
       610         16          0          0        100        880   Library Totals

    ----------------------------------------------------------------------

==============================================================================


      Code (inc. data)   RO Data    RW Data    ZI Data      Debug   

     32628       1852        752        268       9580    1779806   Grand Totals
     32628       1852        752        268       9580    1779806   ELF Image Totals
     32628       1852        752        268          0          0   ROM Totals

==============================================================================

    Total RO  Size (Code + RO Data)                33380 (  32.60kB)
    Total RW  Size (RW Data + ZI Data)              9848 (   9.62kB)
    Total ROM Size (Code + RO Data + RW Data)      33648 (  32.86kB)

==============================================================================

