*** Using Compiler 'V5.06 update 5 (build 528)', folder: 'D:\Keil_v5\ARM\ARMCC\Bin'
Rebuild target 'emptytest'
assembling startup_stm32h743xx.s...
compiling svpwm.c...
compiling open_loop.c...
compiling current_sense.c...
compiling current_pi.c...
compiling biss_dma_buffer.c...
compiling speed_pi.c...
compiling encoder_angle.c...
compiling foc_transform.c...
compiling crc32.c...
compiling speed_estimator.c...
compiling position_controller.c...
compiling biss_frame.c...
compiling encoder_calibration.c...
compiling motor_runtime_policy.c...
compiling motor_startup_trace.c...
compiling motor_telemetry_core.c...
compiling drv8323_board.c...
compiling drv8323.c...
compiling usart.c...
compiling gpio.c...
compiling stm32h7xx_it.c...
compiling pwm_3ph.c...
compiling stm32h7xx_hal_msp.c...
compiling motor_control.c...
compiling motor_config_store.c...
compiling tim.c...
compiling spi.c...
compiling adc.c...
compiling biss_encoder.c...
compiling motor_telemetry.c...
compiling main.c...
compiling stm32h7xx_hal_pcd_ex.c...
compiling stm32h7xx_hal_cortex.c...
compiling stm32h7xx_hal_mdma.c...
compiling stm32h7xx_hal_hsem.c...
compiling stm32h7xx_hal_pwr.c...
compiling stm32h7xx_hal_pcd.c...
compiling stm32h7xx_hal_rcc.c...
compiling stm32h7xx_hal_dma_ex.c...
compiling stm32h7xx_hal_flash.c...
compiling stm32h7xx_ll_usb.c...
compiling stm32h7xx_hal_flash_ex.c...
compiling stm32h7xx_hal_gpio.c...
compiling stm32h7xx_hal_pwr_ex.c...
compiling stm32h7xx_hal_rcc_ex.c...
compiling stm32h7xx_hal_dma.c...
compiling stm32h7xx_hal_uart_ex.c...
compiling stm32h7xx_hal_spi_ex.c...
compiling stm32h7xx_hal_exti.c...
compiling stm32h7xx_hal_i2c_ex.c...
compiling stm32h7xx_hal.c...
compiling system_stm32h7xx.c...
compiling stm32h7xx_hal_tim_ex.c...
compiling stm32h7xx_hal_spi.c...
compiling usb_device.c...
compiling stm32h7xx_hal_uart.c...
compiling stm32h7xx_hal_adc_ex.c...
compiling stm32h7xx_hal_i2c.c...
compiling stm32h7xx_hal_adc.c...
compiling stm32h7xx_hal_tim.c...
compiling usbd_desc.c...
compiling usbd_cdc_if.c...
compiling usbd_conf.c...
compiling usbd_core.c...
compiling usbd_cdc.c...
compiling usbd_ioreq.c...
compiling usbd_ctlreq.c...
linking...
Program Size: Code=65440 RO-data=844 RW-data=488 ZI-data=11032  
FromELF: creating hex file...
"emptytest\emptytest.axf" - 0 Error(s), 0 Warning(s).
Build Time Elapsed:  00:00:55
